Initializing cgroup subsys cpuset
Initializing cgroup subsys cpu
Linux version 2.6.32-220.17.1.3chaos.ch5.x86_64 (mockbuild@builder1) (gcc version 4.4.6 20110731 (Red Hat 4.4.6-3) (GCC) ) #1 SMP Wed May 30 15:36:42 PDT 2012
Command line: initrd=initramfs console=tty0 console=ttyS0,115200n8 crashkernel=256M BOOT_IMAGE=vmlinuz BOOTIF=01-00-1e-67-28-ec-ee 
KERNEL supported cpus:
  Intel GenuineIntel
  AMD AuthenticAMD
  Centaur CentaurHauls
BIOS-provided physical RAM map:
 BIOS-e820: 0000000000000000 - 000000000009d000 (usable)
 BIOS-e820: 000000000009d000 - 00000000000a0000 (reserved)
 BIOS-e820: 00000000000e0000 - 0000000000100000 (reserved)
 BIOS-e820: 0000000000100000 - 00000000b9152000 (usable)
 BIOS-e820: 00000000b9152000 - 00000000b91cc000 (ACPI data)
 BIOS-e820: 00000000b91cc000 - 00000000bae70000 (usable)
 BIOS-e820: 00000000bae70000 - 00000000bae81000 (reserved)
 BIOS-e820: 00000000bae81000 - 00000000baed0000 (usable)
 BIOS-e820: 00000000baed0000 - 00000000baed9000 (reserved)
 BIOS-e820: 00000000baed9000 - 00000000baede000 (usable)
 BIOS-e820: 00000000baede000 - 00000000baee1000 (reserved)
 BIOS-e820: 00000000baee1000 - 00000000baf0f000 (usable)
 BIOS-e820: 00000000baf0f000 - 00000000baf11000 (reserved)
 BIOS-e820: 00000000baf11000 - 00000000baf1b000 (usable)
 BIOS-e820: 00000000baf1b000 - 00000000baf1e000 (reserved)
 BIOS-e820: 00000000baf1e000 - 00000000baf4e000 (usable)
 BIOS-e820: 00000000baf4e000 - 00000000baf57000 (reserved)
 BIOS-e820: 00000000baf57000 - 00000000baf5b000 (usable)
 BIOS-e820: 00000000baf5b000 - 00000000baf5f000 (reserved)
 BIOS-e820: 00000000baf5f000 - 00000000baf9b000 (usable)
 BIOS-e820: 00000000baf9b000 - 00000000baf9f000 (reserved)
 BIOS-e820: 00000000baf9f000 - 00000000bb028000 (usable)
 BIOS-e820: 00000000bb028000 - 00000000bb02f000 (reserved)
 BIOS-e820: 00000000bb02f000 - 00000000bb0ab000 (usable)
 BIOS-e820: 00000000bb0ab000 - 00000000bb0ad000 (reserved)
 BIOS-e820: 00000000bb0ad000 - 00000000bb0b4000 (usable)
 BIOS-e820: 00000000bb0b4000 - 00000000bb0b7000 (reserved)
 BIOS-e820: 00000000bb0b7000 - 00000000bb0c7000 (usable)
 BIOS-e820: 00000000bb0c7000 - 00000000bb0d6000 (reserved)
 BIOS-e820: 00000000bb0d6000 - 00000000bb11f000 (usable)
 BIOS-e820: 00000000bb11f000 - 00000000bb122000 (reserved)
 BIOS-e820: 00000000bb122000 - 00000000bb148000 (usable)
 BIOS-e820: 00000000bb148000 - 00000000bb449000 (reserved)
 BIOS-e820: 00000000bb449000 - 00000000bb45a000 (usable)
 BIOS-e820: 00000000bb45a000 - 00000000bb482000 (reserved)
 BIOS-e820: 00000000bb482000 - 00000000bb5ed000 (usable)
 BIOS-e820: 00000000bb5ed000 - 00000000bb5fc000 (reserved)
 BIOS-e820: 00000000bb5fc000 - 00000000bd9fb000 (usable)
 BIOS-e820: 00000000bd9fb000 - 00000000bdbfb000 (reserved)
 BIOS-e820: 00000000bdbfb000 - 00000000bdcdd000 (usable)
 BIOS-e820: 00000000bdcdd000 - 00000000bdde7000 (reserved)
 BIOS-e820: 00000000bdde7000 - 00000000bde8c000 (ACPI NVS)
 BIOS-e820: 00000000bde8c000 - 00000000bde8d000 (ACPI data)
 BIOS-e820: 00000000bde8d000 - 00000000bdf04000 (ACPI NVS)
 BIOS-e820: 00000000bdf04000 - 00000000bdf05000 (ACPI data)
 BIOS-e820: 00000000bdf05000 - 00000000bdf07000 (ACPI NVS)
 BIOS-e820: 00000000bdf07000 - 00000000bdf08000 (ACPI data)
 BIOS-e820: 00000000bdf08000 - 00000000bdf09000 (ACPI NVS)
 BIOS-e820: 00000000bdf09000 - 00000000bdf24000 (ACPI data)
 BIOS-e820: 00000000bdf24000 - 00000000bdfb1000 (ACPI NVS)
 BIOS-e820: 00000000bdfb1000 - 00000000be000000 (usable)
 BIOS-e820: 00000000be000000 - 00000000d0000000 (reserved)
 BIOS-e820: 00000000fec00000 - 00000000fec01000 (reserved)
 BIOS-e820: 00000000fed19000 - 00000000fed1a000 (reserved)
 BIOS-e820: 00000000fed1c000 - 00000000fed20000 (reserved)
 BIOS-e820: 00000000fee00000 - 00000000fee01000 (reserved)
 BIOS-e820: 00000000ffa20000 - 0000000100000000 (reserved)
 BIOS-e820: 0000000100000000 - 0000000840000000 (usable)
DMI 2.6 present.
SMBIOS version 2.6 @ 0xF0440
DMI: appro appro-512x/S2600JF, BIOS SE5C600.86B.01.02.0003.022820121335 02/28/2012
e820 update range: 0000000000000000 - 0000000000001000 (usable) ==> (reserved)
e820 remove range: 00000000000a0000 - 0000000000100000 (usable)
last_pfn = 0x840000 max_arch_pfn = 0x400000000
MTRR default type: uncachable
MTRR fixed ranges enabled:
  00000-9FFFF write-back
  A0000-BFFFF uncachable
  C0000-C7FFF write-through
  C8000-CBFFF write-protect
  CC000-E7FFF uncachable
  E8000-FFFFF write-protect
MTRR variable ranges enabled:
  0 base 000000000000 mask 3FFF80000000 write-back
  1 base 000080000000 mask 3FFFC0000000 write-back
  2 base 000100000000 mask 3FFF00000000 write-back
  3 base 000200000000 mask 3FFE00000000 write-back
  4 base 000400000000 mask 3FFC00000000 write-back
  5 base 000800000000 mask 3FFFC0000000 write-back
  6 base 0000FF800000 mask 3FFFFF800000 write-protect
  7 disabled
  8 disabled
  9 disabled
x86 PAT enabled: cpu 0, old 0x7040600070406, new 0x7010600070106
last_pfn = 0xbe000 max_arch_pfn = 0x400000000
initial memory mapped : 0 - 20000000
Using GB pages for direct mapping
init_memory_mapping: 0000000000000000-00000000be000000
 0000000000 - 0080000000 page 1G
 0080000000 - 00be000000 page 2M
kernel direct mapping tables up to be000000 @ 8000-a000
init_memory_mapping: 0000000100000000-0000000840000000
 0100000000 - 0840000000 page 1G
kernel direct mapping tables up to 840000000 @ 9000-a000
RAMDISK: 7f330000 - 7fffea5b
ACPI: RSDP 00000000000f0410 00024 (v02 INTEL )
ACPI: XSDT 00000000bdf21d98 000BC (v01 INTEL   S2600JF 06222004 INTL 20090903)
ACPI: FACP 00000000bdf21918 000F4 (v04 INTEL   S2600JF 06222004 INTL 20090903)
ACPI Warning: Invalid length for Pm1aControlBlock: 32, using default 16 (20090903/tbfadt-607)
ACPI: DSDT 00000000bdf09018 163F5 (v02 INTEL   S2600JF 00000002 INTL 20100331)
ACPI: FACS 00000000bdf21f40 00040
ACPI: APIC 00000000bdf20718 0066A (v03 INTEL   S2600JF 06222004 INTL 20090903)
ACPI: SPMI 00000000bdf23b98 00040 (v05 INTEL   S2600JF 06222004 INTL 20090903)
ACPI: MCFG 00000000bdf23b18 0003C (v01 INTEL   S2600JF 06222004 INTL 20090903)
ACPI: WDDT 00000000bdf23f18 00040 (v01 INTEL   S2600JF 06222004 INTL 20090903)
ACPI: SRAT 00000000bdf07c18 002A8 (v03 INTEL   S2600JF 06222004 INTL 20090903)
ACPI: SLIT 00000000bdf23e98 00030 (v01 INTEL   S2600JF 06222004 INTL 20090903)
ACPI: MSCT 00000000bdf22e18 00090 (v01 INTEL   S2600JF 06222004 INTL 20090903)
ACPI: HPET 00000000bdf23e18 00038 (v01 INTEL   S2600JF 06222004 INTL 20090903)
ACPI: SSDT 00000000bdf23d18 0002B (v02 INTEL   S2600JF 00001000 INTL 20100331)
ACPI: SSDT 00000000b9152018 795C4 (v02 INTEL   S2600JF 00004000 INTL 20100331)
ACPI: SPCR 00000000bdf23d98 00050 (v01 INTEL   S2600JF 06222004 INTL 20090903)
ACPI: HEST 00000000bde8cf18 000A8 (v01 INTEL   S2600JF 00000001 INTL 00000001)
ACPI: BERT 00000000bdf23c98 00030 (v01 INTEL   S2600JF 00000001 INTL 00000001)
ACPI: ERST 00000000bde8cc98 00230 (v01 INTEL   S2600JF 00000001 INTL 00000001)
ACPI: EINJ 00000000bdf21798 00130 (v01 INTEL   S2600JF 00000001 INTL 00000001)
ACPI: SSDT 00000000bdf04018 00F41 (v02 INTEL   S2600JF 00000002 INTL 20100331)
ACPI: SSDT 00000000bdf04f98 00045 (v02 INTEL   S2600JF 00000001 INTL 20100331)
ACPI: SSDT 00000000bdf20e18 00181 (v02 INTEL   S2600JF 00000003 INTL 20100331)
ACPI: Local APIC address 0xfee00000
SRAT: PXM 0 -> APIC 0 -> Node 0
SRAT: PXM 0 -> APIC 1 -> Node 0
SRAT: PXM 0 -> APIC 2 -> Node 0
SRAT: PXM 0 -> APIC 3 -> Node 0
SRAT: PXM 0 -> APIC 4 -> Node 0
SRAT: PXM 0 -> APIC 5 -> Node 0
SRAT: PXM 0 -> APIC 6 -> Node 0
SRAT: PXM 0 -> APIC 7 -> Node 0
SRAT: PXM 0 -> APIC 8 -> Node 0
SRAT: PXM 0 -> APIC 9 -> Node 0
SRAT: PXM 0 -> APIC 10 -> Node 0
SRAT: PXM 0 -> APIC 11 -> Node 0
SRAT: PXM 0 -> APIC 12 -> Node 0
SRAT: PXM 0 -> APIC 13 -> Node 0
SRAT: PXM 0 -> APIC 14 -> Node 0
SRAT: PXM 0 -> APIC 15 -> Node 0
SRAT: PXM 1 -> APIC 32 -> Node 1
SRAT: PXM 1 -> APIC 33 -> Node 1
SRAT: PXM 1 -> APIC 34 -> Node 1
SRAT: PXM 1 -> APIC 35 -> Node 1
SRAT: PXM 1 -> APIC 36 -> Node 1
SRAT: PXM 1 -> APIC 37 -> Node 1
SRAT: PXM 1 -> APIC 38 -> Node 1
SRAT: PXM 1 -> APIC 39 -> Node 1
SRAT: PXM 1 -> APIC 40 -> Node 1
SRAT: PXM 1 -> APIC 41 -> Node 1
SRAT: PXM 1 -> APIC 42 -> Node 1
SRAT: PXM 1 -> APIC 43 -> Node 1
SRAT: PXM 1 -> APIC 44 -> Node 1
SRAT: PXM 1 -> APIC 45 -> Node 1
SRAT: PXM 1 -> APIC 46 -> Node 1
SRAT: PXM 1 -> APIC 47 -> Node 1
SRAT: Node 0 PXM 0 0-c0000000
SRAT: Node 0 PXM 0 100000000-440000000
SRAT: Node 1 PXM 1 440000000-840000000
NUMA: Using 30 for the hash shift.
Bootmem setup node 0 0000000000000000-0000000440000000
  NODE_DATA [0000000000009000 - 000000000003cfff]
  bootmap [0000000000100000 -  0000000000187fff] pages 88
(8 early reservations) ==> bootmem [0000000000 - 0440000000]
  #0 [0000000000 - 0000001000]   BIOS data page ==> [0000000000 - 0000001000]
  #1 [0000006000 - 0000008000]       TRAMPOLINE ==> [0000006000 - 0000008000]
  #2 [0001000000 - 000200c7e4]    TEXT DATA BSS ==> [0001000000 - 000200c7e4]
  #3 [007f330000 - 007fffea5b]          RAMDISK ==> [007f330000 - 007fffea5b]
  #4 [000009cc00 - 0000100000]    BIOS reserved ==> [000009cc00 - 0000100000]
  #5 [000200d000 - 000200d458]              BRK ==> [000200d000 - 000200d458]
  #6 [0000008000 - 0000009000]          PGTABLE ==> [0000008000 - 0000009000]
  #7 [0000001000 - 0000001030]        ACPI SLIT ==> [0000001000 - 0000001030]
Bootmem setup node 1 0000000440000000-0000000840000000
  NODE_DATA [0000000440000040 - 000000044003403f]
  bootmap [0000000440035000 -  00000004400b4fff] pages 80
(8 early reservations) ==> bootmem [0440000000 - 0840000000]
  #0 [0000000000 - 0000001000]   BIOS data page
  #1 [0000006000 - 0000008000]       TRAMPOLINE
  #2 [0001000000 - 000200c7e4]    TEXT DATA BSS
  #3 [007f330000 - 007fffea5b]          RAMDISK
  #4 [000009cc00 - 0000100000]    BIOS reserved
  #5 [000200d000 - 000200d458]              BRK
  #6 [0000008000 - 0000009000]          PGTABLE
  #7 [0000001000 - 0000001030]        ACPI SLIT
found SMP MP-table at [ffff8800000fccb0] fccb0
Reserving 256MB of memory at 48MB for crashkernel (System RAM: 33792MB)
 [ffffea0000000000-ffffea000edfffff] PMD -> [ffff880028600000-ffff8800365fffff] on node 0
 [ffffea000ee00000-ffffea001cdfffff] PMD -> [ffff880440200000-ffff88044e1fffff] on node 1
Zone PFN ranges:
  DMA      0x00000001 -> 0x00001000
  DMA32    0x00001000 -> 0x00100000
  Normal   0x00100000 -> 0x00840000
Movable zone start PFN for each node
early_node_map[23] active PFN ranges
    0: 0x00000001 -> 0x0000009d
    0: 0x00000100 -> 0x000b9152
    0: 0x000b91cc -> 0x000bae70
    0: 0x000bae81 -> 0x000baed0
    0: 0x000baed9 -> 0x000baede
    0: 0x000baee1 -> 0x000baf0f
    0: 0x000baf11 -> 0x000baf1b
    0: 0x000baf1e -> 0x000baf4e
    0: 0x000baf57 -> 0x000baf5b
    0: 0x000baf5f -> 0x000baf9b
    0: 0x000baf9f -> 0x000bb028
    0: 0x000bb02f -> 0x000bb0ab
    0: 0x000bb0ad -> 0x000bb0b4
    0: 0x000bb0b7 -> 0x000bb0c7
    0: 0x000bb0d6 -> 0x000bb11f
    0: 0x000bb122 -> 0x000bb148
    0: 0x000bb449 -> 0x000bb45a
    0: 0x000bb482 -> 0x000bb5ed
    0: 0x000bb5fc -> 0x000bd9fb
    0: 0x000bdbfb -> 0x000bdcdd
    0: 0x000bdfb1 -> 0x000be000
    0: 0x00100000 -> 0x00440000
    1: 0x00440000 -> 0x00840000
On node 0 totalpages: 4183749
  DMA zone: 56 pages used for memmap
  DMA zone: 103 pages reserved
  DMA zone: 3837 pages, LIFO batch:0
  DMA32 zone: 14280 pages used for memmap
  DMA32 zone: 757601 pages, LIFO batch:31
  Normal zone: 46592 pages used for memmap
  Normal zone: 3361280 pages, LIFO batch:31
On node 1 totalpages: 4194304
  Normal zone: 57344 pages used for memmap
  Normal zone: 4136960 pages, LIFO batch:31
ACPI: PM-Timer IO Port: 0x408
ACPI: Local APIC address 0xfee00000
ACPI: X2APIC (apic_id[0x00] uid[0x00] disabled)
ACPI: X2APIC (apic_id[0x01] uid[0x01] disabled)
ACPI: X2APIC (apic_id[0x02] uid[0x02] disabled)
ACPI: X2APIC (apic_id[0x03] uid[0x03] disabled)
ACPI: X2APIC (apic_id[0x04] uid[0x04] disabled)
ACPI: X2APIC (apic_id[0x05] uid[0x05] disabled)
ACPI: X2APIC (apic_id[0x06] uid[0x06] disabled)
ACPI: X2APIC (apic_id[0x07] uid[0x07] disabled)
ACPI: X2APIC (apic_id[0x08] uid[0x08] disabled)
ACPI: X2APIC (apic_id[0x09] uid[0x09] disabled)
ACPI: X2APIC (apic_id[0x0a] uid[0x0a] disabled)
ACPI: X2APIC (apic_id[0x0b] uid[0x0b] disabled)
ACPI: X2APIC (apic_id[0x0c] uid[0x0c] disabled)
ACPI: X2APIC (apic_id[0x0d] uid[0x0d] disabled)
ACPI: X2APIC (apic_id[0x0e] uid[0x0e] disabled)
ACPI: X2APIC (apic_id[0x0f] uid[0x0f] disabled)
ACPI: X2APIC (apic_id[0x10] uid[0x10] disabled)
ACPI: X2APIC (apic_id[0x11] uid[0x11] disabled)
ACPI: X2APIC (apic_id[0x12] uid[0x12] disabled)
ACPI: X2APIC (apic_id[0x13] uid[0x13] disabled)
ACPI: X2APIC (apic_id[0x14] uid[0x14] disabled)
ACPI: X2APIC (apic_id[0x15] uid[0x15] disabled)
ACPI: X2APIC (apic_id[0x16] uid[0x16] disabled)
ACPI: X2APIC (apic_id[0x17] uid[0x17] disabled)
ACPI: X2APIC (apic_id[0x18] uid[0x18] disabled)
ACPI: X2APIC (apic_id[0x19] uid[0x19] disabled)
ACPI: X2APIC (apic_id[0x1a] uid[0x1a] disabled)
ACPI: X2APIC (apic_id[0x1b] uid[0x1b] disabled)
ACPI: X2APIC (apic_id[0x1c] uid[0x1c] disabled)
ACPI: X2APIC (apic_id[0x1d] uid[0x1d] disabled)
ACPI: X2APIC (apic_id[0x1e] uid[0x1e] disabled)
ACPI: X2APIC (apic_id[0x1f] uid[0x1f] disabled)
ACPI: X2APIC (apic_id[0x20] uid[0x20] disabled)
ACPI: X2APIC (apic_id[0x21] uid[0x21] disabled)
ACPI: X2APIC (apic_id[0x22] uid[0x22] disabled)
ACPI: X2APIC (apic_id[0x23] uid[0x23] disabled)
ACPI: X2APIC (apic_id[0x24] uid[0x24] disabled)
ACPI: X2APIC (apic_id[0x25] uid[0x25] disabled)
ACPI: X2APIC (apic_id[0x26] uid[0x26] disabled)
ACPI: X2APIC (apic_id[0x27] uid[0x27] disabled)
ACPI: X2APIC (apic_id[0x28] uid[0x28] disabled)
ACPI: X2APIC (apic_id[0x29] uid[0x29] disabled)
ACPI: X2APIC (apic_id[0x2a] uid[0x2a] disabled)
ACPI: X2APIC (apic_id[0x2b] uid[0x2b] disabled)
ACPI: X2APIC (apic_id[0x2c] uid[0x2c] disabled)
ACPI: X2APIC (apic_id[0x2d] uid[0x2d] disabled)
ACPI: X2APIC (apic_id[0x2e] uid[0x2e] disabled)
ACPI: X2APIC (apic_id[0x2f] uid[0x2f] disabled)
ACPI: X2APIC (apic_id[0x30] uid[0x30] disabled)
ACPI: X2APIC (apic_id[0x31] uid[0x31] disabled)
ACPI: X2APIC (apic_id[0x32] uid[0x32] disabled)
ACPI: X2APIC (apic_id[0x33] uid[0x33] disabled)
ACPI: X2APIC (apic_id[0x34] uid[0x34] disabled)
ACPI: X2APIC (apic_id[0x35] uid[0x35] disabled)
ACPI: X2APIC (apic_id[0x36] uid[0x36] disabled)
ACPI: X2APIC (apic_id[0x37] uid[0x37] disabled)
ACPI: X2APIC (apic_id[0x38] uid[0x38] disabled)
ACPI: X2APIC (apic_id[0x39] uid[0x39] disabled)
ACPI: X2APIC (apic_id[0x3a] uid[0x3a] disabled)
ACPI: X2APIC (apic_id[0x3b] uid[0x3b] disabled)
ACPI: X2APIC (apic_id[0x3c] uid[0x3c] disabled)
ACPI: X2APIC (apic_id[0x3d] uid[0x3d] disabled)
ACPI: X2APIC (apic_id[0x3e] uid[0x3e] disabled)
ACPI: X2APIC (apic_id[0x3f] uid[0x3f] disabled)
ACPI: LAPIC (acpi_id[0x00] lapic_id[0x00] enabled)
ACPI: LAPIC (acpi_id[0x01] lapic_id[0x02] enabled)
ACPI: LAPIC (acpi_id[0x02] lapic_id[0x04] enabled)
ACPI: LAPIC (acpi_id[0x03] lapic_id[0x06] enabled)
ACPI: LAPIC (acpi_id[0x04] lapic_id[0x08] enabled)
ACPI: LAPIC (acpi_id[0x05] lapic_id[0x0a] enabled)
ACPI: LAPIC (acpi_id[0x06] lapic_id[0x0c] enabled)
ACPI: LAPIC (acpi_id[0x07] lapic_id[0x0e] enabled)
ACPI: LAPIC (acpi_id[0x08] lapic_id[0x20] enabled)
ACPI: LAPIC (acpi_id[0x09] lapic_id[0x22] enabled)
ACPI: LAPIC (acpi_id[0x0a] lapic_id[0x24] enabled)
ACPI: LAPIC (acpi_id[0x0b] lapic_id[0x26] enabled)
ACPI: LAPIC (acpi_id[0x0c] lapic_id[0x28] enabled)
ACPI: LAPIC (acpi_id[0x0d] lapic_id[0x2a] enabled)
ACPI: LAPIC (acpi_id[0x0e] lapic_id[0x2c] enabled)
ACPI: LAPIC (acpi_id[0x0f] lapic_id[0x2e] enabled)
ACPI: LAPIC (acpi_id[0x10] lapic_id[0x01] enabled)
ACPI: LAPIC (acpi_id[0x11] lapic_id[0x03] enabled)
ACPI: LAPIC (acpi_id[0x12] lapic_id[0x05] enabled)
ACPI: LAPIC (acpi_id[0x13] lapic_id[0x07] enabled)
ACPI: LAPIC (acpi_id[0x14] lapic_id[0x09] enabled)
ACPI: LAPIC (acpi_id[0x15] lapic_id[0x0b] enabled)
ACPI: LAPIC (acpi_id[0x16] lapic_id[0x0d] enabled)
ACPI: LAPIC (acpi_id[0x17] lapic_id[0x0f] enabled)
ACPI: LAPIC (acpi_id[0x18] lapic_id[0x21] enabled)
ACPI: LAPIC (acpi_id[0x19] lapic_id[0x23] enabled)
ACPI: LAPIC (acpi_id[0x1a] lapic_id[0x25] enabled)
ACPI: LAPIC (acpi_id[0x1b] lapic_id[0x27] enabled)
ACPI: LAPIC (acpi_id[0x1c] lapic_id[0x29] enabled)
ACPI: LAPIC (acpi_id[0x1d] lapic_id[0x2b] enabled)
ACPI: LAPIC (acpi_id[0x1e] lapic_id[0x2d] enabled)
ACPI: LAPIC (acpi_id[0x1f] lapic_id[0x2f] enabled)
ACPI: LAPIC (acpi_id[0x20] lapic_id[0xff] disabled)
ACPI: LAPIC (acpi_id[0x21] lapic_id[0xff] disabled)
ACPI: LAPIC (acpi_id[0x22] lapic_id[0xff] disabled)
ACPI: LAPIC (acpi_id[0x23] lapic_id[0xff] disabled)
ACPI: LAPIC (acpi_id[0x24] lapic_id[0xff] disabled)
ACPI: LAPIC (acpi_id[0x25] lapic_id[0xff] disabled)
ACPI: LAPIC (acpi_id[0x26] lapic_id[0xff] disabled)
ACPI: LAPIC (acpi_id[0x27] lapic_id[0xff] disabled)
ACPI: LAPIC (acpi_id[0x28] lapic_id[0xff] disabled)
ACPI: LAPIC (acpi_id[0x29] lapic_id[0xff] disabled)
ACPI: LAPIC (acpi_id[0x2a] lapic_id[0xff] disabled)
ACPI: LAPIC (acpi_id[0x2b] lapic_id[0xff] disabled)
ACPI: LAPIC (acpi_id[0x2c] lapic_id[0xff] disabled)
ACPI: LAPIC (acpi_id[0x2d] lapic_id[0xff] disabled)
ACPI: LAPIC (acpi_id[0x2e] lapic_id[0xff] disabled)
ACPI: LAPIC (acpi_id[0x2f] lapic_id[0xff] disabled)
ACPI: LAPIC (acpi_id[0x30] lapic_id[0xff] disabled)
ACPI: LAPIC (acpi_id[0x31] lapic_id[0xff] disabled)
ACPI: LAPIC (acpi_id[0x32] lapic_id[0xff] disabled)
ACPI: LAPIC (acpi_id[0x33] lapic_id[0xff] disabled)
ACPI: LAPIC (acpi_id[0x34] lapic_id[0xff] disabled)
ACPI: LAPIC (acpi_id[0x35] lapic_id[0xff] disabled)
ACPI: LAPIC (acpi_id[0x36] lapic_id[0xff] disabled)
ACPI: LAPIC (acpi_id[0x37] lapic_id[0xff] disabled)
ACPI: LAPIC (acpi_id[0x38] lapic_id[0xff] disabled)
ACPI: LAPIC (acpi_id[0x39] lapic_id[0xff] disabled)
ACPI: LAPIC (acpi_id[0x3a] lapic_id[0xff] disabled)
ACPI: LAPIC (acpi_id[0x3b] lapic_id[0xff] disabled)
ACPI: LAPIC (acpi_id[0x3c] lapic_id[0xff] disabled)
ACPI: LAPIC (acpi_id[0x3d] lapic_id[0xff] disabled)
ACPI: LAPIC (acpi_id[0x3e] lapic_id[0xff] disabled)
ACPI: LAPIC (acpi_id[0x3f] lapic_id[0xff] disabled)
ACPI: LAPIC_NMI (acpi_id[0xff] dfl dfl lint[0x1])
ACPI: IOAPIC (id[0x00] address[0xfec00000] gsi_base[0])
IOAPIC[0]: apic_id 0, version 32, address 0xfec00000, GSI 0-23
ACPI: IOAPIC (id[0x01] address[0xfec3f000] gsi_base[24])
IOAPIC[1]: apic_id 1, version 32, address 0xfec3f000, GSI 24-47
ACPI: IOAPIC (id[0x02] address[0xfec7f000] gsi_base[48])
IOAPIC[2]: apic_id 2, version 32, address 0xfec7f000, GSI 48-71
ACPI: INT_SRC_OVR (bus 0 bus_irq 0 global_irq 2 dfl dfl)
ACPI: INT_SRC_OVR (bus 0 bus_irq 9 global_irq 9 high level)
ACPI: IRQ0 used by override.
ACPI: IRQ2 used by override.
ACPI: IRQ9 used by override.
Using ACPI (MADT) for SMP configuration information
ACPI: HPET id: 0x8086a701 base: 0xfed00000
SMP: Allowing 128 CPUs, 96 hotplug CPUs
nr_irqs_gsi: 72
PM: Registered nosave memory: 000000000009d000 - 00000000000a0000
PM: Registered nosave memory: 00000000000a0000 - 00000000000e0000
PM: Registered nosave memory: 00000000000e0000 - 0000000000100000
PM: Registered nosave memory: 00000000b9152000 - 00000000b91cc000
PM: Registered nosave memory: 00000000bae70000 - 00000000bae81000
PM: Registered nosave memory: 00000000baed0000 - 00000000baed9000
PM: Registered nosave memory: 00000000baede000 - 00000000baee1000
PM: Registered nosave memory: 00000000baf0f000 - 00000000baf11000
PM: Registered nosave memory: 00000000baf1b000 - 00000000baf1e000
PM: Registered nosave memory: 00000000baf4e000 - 00000000baf57000
PM: Registered nosave memory: 00000000baf5b000 - 00000000baf5f000
PM: Registered nosave memory: 00000000baf9b000 - 00000000baf9f000
PM: Registered nosave memory: 00000000bb028000 - 00000000bb02f000
PM: Registered nosave memory: 00000000bb0ab000 - 00000000bb0ad000
PM: Registered nosave memory: 00000000bb0b4000 - 00000000bb0b7000
PM: Registered nosave memory: 00000000bb0c7000 - 00000000bb0d6000
PM: Registered nosave memory: 00000000bb11f000 - 00000000bb122000
PM: Registered nosave memory: 00000000bb148000 - 00000000bb449000
PM: Registered nosave memory: 00000000bb45a000 - 00000000bb482000
PM: Registered nosave memory: 00000000bb5ed000 - 00000000bb5fc000
PM: Registered nosave memory: 00000000bd9fb000 - 00000000bdbfb000
PM: Registered nosave memory: 00000000bdcdd000 - 00000000bdde7000
PM: Registered nosave memory: 00000000bdde7000 - 00000000bde8c000
PM: Registered nosave memory: 00000000bde8c000 - 00000000bde8d000
PM: Registered nosave memory: 00000000bde8d000 - 00000000bdf04000
PM: Registered nosave memory: 00000000bdf04000 - 00000000bdf05000
PM: Registered nosave memory: 00000000bdf05000 - 00000000bdf07000
PM: Registered nosave memory: 00000000bdf07000 - 00000000bdf08000
PM: Registered nosave memory: 00000000bdf08000 - 00000000bdf09000
PM: Registered nosave memory: 00000000bdf09000 - 00000000bdf24000
PM: Registered nosave memory: 00000000bdf24000 - 00000000bdfb1000
PM: Registered nosave memory: 00000000be000000 - 00000000d0000000
PM: Registered nosave memory: 00000000d0000000 - 00000000fec00000
PM: Registered nosave memory: 00000000fec00000 - 00000000fec01000
PM: Registered nosave memory: 00000000fec01000 - 00000000fed19000
PM: Registered nosave memory: 00000000fed19000 - 00000000fed1a000
PM: Registered nosave memory: 00000000fed1a000 - 00000000fed1c000
PM: Registered nosave memory: 00000000fed1c000 - 00000000fed20000
PM: Registered nosave memory: 00000000fed20000 - 00000000fee00000
PM: Registered nosave memory: 00000000fee00000 - 00000000fee01000
PM: Registered nosave memory: 00000000fee01000 - 00000000ffa20000
PM: Registered nosave memory: 00000000ffa20000 - 0000000100000000
Allocating PCI resources starting at d0000000 (gap: d0000000:2ec00000)
Booting paravirtualized kernel on bare hardware
NR_CPUS:4096 nr_cpumask_bits:128 nr_cpu_ids:128 nr_node_ids:2
PERCPU: Embedded 30 pages/cpu @ffff880036600000 s92696 r8192 d21992 u131072
pcpu-alloc: s92696 r8192 d21992 u131072 alloc=1*2097152
pcpu-alloc: [0] 000 001 002 003 004 005 006 007 016 017 018 019 020 021 022 023 
pcpu-alloc: [0] 032 034 036 038 040 042 044 046 048 050 052 054 056 058 060 062 
pcpu-alloc: [0] 064 066 068 070 072 074 076 078 080 082 084 086 088 090 092 094 
pcpu-alloc: [0] 096 098 100 102 104 106 108 110 112 114 116 118 120 122 124 126 
pcpu-alloc: [1] 008 009 010 011 012 013 014 015 024 025 026 027 028 029 030 031 
pcpu-alloc: [1] 033 035 037 039 041 043 045 047 049 051 053 055 057 059 061 063 
pcpu-alloc: [1] 065 067 069 071 073 075 077 079 081 083 085 087 089 091 093 095 
pcpu-alloc: [1] 097 099 101 103 105 107 109 111 113 115 117 119 121 123 125 127 
Built 2 zonelists in Zone order, mobility grouping on.  Total pages: 8259678
Policy zone: Normal
Kernel command line: initrd=initramfs console=tty0 console=ttyS0,115200n8 crashkernel=256M BOOT_IMAGE=vmlinuz BOOTIF=01-00-1e-67-28-ec-ee 
PID hash table entries: 4096 (order: 3, 32768 bytes)
xsave/xrstor: enabled xstate_bv 0x7, cntxt size 0x340
Checking aperture...
No AGP bridge found
PCI-DMA: Using software bounce buffering for IO (SWIOTLB)
Placing 64MB software IO TLB between ffff880020000000 - ffff880024000000
software IO TLB at phys 0x20000000 - 0x24000000
Memory: 32679504k/34603008k available (5093k kernel code, 1090796k absent, 832708k reserved, 7221k data, 1244k init)
Hierarchical RCU implementation.
NR_IRQS:33024 nr_irqs:2248
Extended CMOS year: 2000
Console: colour VGA+ 80x25
console [tty0] enabled
console [ttyS0] enabled
allocated 268435456 bytes of page_cgroup
please try 'cgroup_disable=memory' option if you don't want memory cgroups
hpet clockevent registered
Fast TSC calibration using PIT
Detected 2593.642 MHz processor.
Calibrating delay loop (skipped), value calculated using timer frequency.. 5187.28 BogoMIPS (lpj=2593642)
pid_max: default: 131072 minimum: 1024
Security Framework initialized
SELinux:  Initializing.
SELinux:  Starting in permissive mode
Dentry cache hash table entries: 4194304 (order: 13, 33554432 bytes)
Inode-cache hash table entries: 2097152 (order: 12, 16777216 bytes)
Mount-cache hash table entries: 256
Initializing cgroup subsys ns
Initializing cgroup subsys cpuacct
Initializing cgroup subsys memory
Initializing cgroup subsys devices
Initializing cgroup subsys freezer
Initializing cgroup subsys net_cls
Initializing cgroup subsys blkio
Initializing cgroup subsys perf_event
CPU: Physical Processor ID: 0
CPU: Processor Core ID: 0
mce: CPU supports 20 MCE banks
CPU0: Thermal monitoring enabled (TM1)
using mwait in idle threads.
ACPI: Core revision 20090903
ftrace: converting mcount calls to 0f 1f 44 00 00
ftrace: allocating 20821 entries in 82 pages
x2apic not enabled, IRQ remapping init failed
Setting APIC routing to physical flat
..TIMER: vector=0x30 apic1=0 pin1=2 apic2=-1 pin2=-1
CPU0: Intel(R) Xeon(R) CPU E5-2670 0 @ 2.60GHz stepping 06
Performance Events: PEBS fmt1+, SandyBridge events, Intel PMU driver.
... version:                3
... bit width:              48
... generic registers:      4
... value mask:             0000ffffffffffff
... max period:             000000007fffffff
... fixed-purpose events:   3
... event mask:             000000070000000f
NMI watchdog enabled, takes one hw-pmu counter.
Booting Node   0, Processors  #1 #2 #3 #4 #5 #6 #7 Ok.
Booting Node   1, Processors  #8 #9 #10 #11 #12 #13 #14 #15 Ok.
Booting Node   0, Processors  #16 #17 #18 #19 #20 #21 #22 #23 Ok.
Booting Node   1, Processors  #24 #25 #26 #27 #28 #29 #30 #31
Brought up 32 CPUs
Total of 32 processors activated (165976.90 BogoMIPS).
sizeof(vma)=200 bytes
sizeof(page)=56 bytes
sizeof(inode)=592 bytes
sizeof(dentry)=192 bytes
sizeof(ext3inode)=800 bytes
sizeof(buffer_head)=104 bytes
sizeof(skbuff)=232 bytes
sizeof(task_struct)=2648 bytes
devtmpfs: initialized
regulator: core version 0.5
NET: Registered protocol family 16
ACPI FADT declares the system doesn't support PCIe ASPM, so disable it
ACPI: bus type pci registered
PCI: MCFG configuration 0: base c0000000 segment 0 buses 0 - 255
PCI: MCFG area at c0000000 reserved in E820
PCI: Using MMCONFIG at c0000000 - cfffffff
PCI: Using configuration type 1 for base access
bio: create slab <bio-0> at 0
ACPI: EC: Look up EC in DSDT
ACPI: Executed 1 blocks of module-level executable AML code
ACPI: BIOS _OSI(Linux) query ignored
ACPI: Interpreter enabled
ACPI: (supports S0 S1 S5)
ACPI: Using IOAPIC for interrupt routing
ACPI: No dock devices found.
HEST: Table parsing has been initialized.
ACPI: PCI Root Bridge [PCI0] (0000:00)
pci 0000:00:00.0: PME# supported from D0 D3hot D3cold
pci 0000:00:00.0: PME# disabled
pci 0000:00:01.0: PME# supported from D0 D3hot D3cold
pci 0000:00:01.0: PME# disabled
pci 0000:00:02.0: PME# supported from D0 D3hot D3cold
pci 0000:00:02.0: PME# disabled
pci 0000:00:03.0: PME# supported from D0 D3hot D3cold
pci 0000:00:03.0: PME# disabled
pci 0000:00:04.0: reg 10 64bit mmio: [0xebf90000-0xebf93fff]
pci 0000:00:04.1: reg 10 64bit mmio: [0xebf80000-0xebf83fff]
pci 0000:00:04.2: reg 10 64bit mmio: [0xebf70000-0xebf73fff]
pci 0000:00:04.3: reg 10 64bit mmio: [0xebf60000-0xebf63fff]
pci 0000:00:04.4: reg 10 64bit mmio: [0xebf50000-0xebf53fff]
pci 0000:00:04.5: reg 10 64bit mmio: [0xebf40000-0xebf43fff]
pci 0000:00:04.6: reg 10 64bit mmio: [0xebf30000-0xebf33fff]
pci 0000:00:04.7: reg 10 64bit mmio: [0xebf20000-0xebf23fff]
pci 0000:00:05.4: reg 10 32bit mmio: [0xd1260000-0xd1260fff]
pci 0000:00:11.0: PME# supported from D0 D3hot D3cold
pci 0000:00:11.0: PME# disabled
pci 0000:00:16.0: reg 10 64bit mmio: [0xd1250000-0xd125000f]
pci 0000:00:16.0: PME# supported from D0 D3hot D3cold
pci 0000:00:16.0: PME# disabled
pci 0000:00:16.1: reg 10 64bit mmio: [0xd1240000-0xd124000f]
pci 0000:00:16.1: PME# supported from D0 D3hot D3cold
pci 0000:00:16.1: PME# disabled
pci 0000:00:1a.0: reg 10 32bit mmio: [0xd1220000-0xd12203ff]
pci 0000:00:1a.0: PME# supported from D0 D3hot D3cold
pci 0000:00:1a.0: PME# disabled
pci 0000:00:1c.0: PME# supported from D0 D3hot D3cold
pci 0000:00:1c.0: PME# disabled
pci 0000:00:1c.7: PME# supported from D0 D3hot D3cold
pci 0000:00:1c.7: PME# disabled
pci 0000:00:1d.0: reg 10 32bit mmio: [0xd1210000-0xd12103ff]
pci 0000:00:1d.0: PME# supported from D0 D3hot D3cold
pci 0000:00:1d.0: PME# disabled
pci 0000:00:1f.2: reg 10 io port: [0x2070-0x2077]
pci 0000:00:1f.2: reg 14 io port: [0x2060-0x2063]
pci 0000:00:1f.2: reg 18 io port: [0x2050-0x2057]
pci 0000:00:1f.2: reg 1c io port: [0x2040-0x2043]
pci 0000:00:1f.2: reg 20 io port: [0x2020-0x203f]
pci 0000:00:1f.2: reg 24 32bit mmio: [0xd1200000-0xd12007ff]
pci 0000:00:1f.2: PME# supported from D3hot
pci 0000:00:1f.2: PME# disabled
pci 0000:00:1f.3: reg 10 64bit mmio: [0xebf10000-0xebf100ff]
pci 0000:00:1f.3: reg 20 io port: [0x2000-0x201f]
pci 0000:02:00.0: reg 10 64bit mmio: [0xd0c00000-0xd0ffffff]
pci 0000:02:00.0: reg 30 32bit mmio pref: [0xd1000000-0xd101ffff]
pci 0000:00:02.0: bridge 32bit mmio: [0xd0c00000-0xd10fffff]
pci 0000:05:00.0: reg 10 32bit mmio: [0xd1120000-0xd113ffff]
pci 0000:05:00.0: reg 18 io port: [0x1020-0x103f]
pci 0000:05:00.0: reg 1c 32bit mmio: [0xd1150000-0xd1153fff]
pci 0000:05:00.0: PME# supported from D0 D3hot D3cold
pci 0000:05:00.0: PME# disabled
pci 0000:05:00.0: reg 184 32bit mmio: [0xd11c0000-0xd11c3fff]
pci 0000:05:00.0: reg 190 32bit mmio: [0xd11a0000-0xd11a3fff]
pci 0000:05:00.1: reg 10 32bit mmio: [0xd1100000-0xd111ffff]
pci 0000:05:00.1: reg 18 io port: [0x1000-0x101f]
pci 0000:05:00.1: reg 1c 32bit mmio: [0xd1140000-0xd1143fff]
pci 0000:05:00.1: PME# supported from D0 D3hot D3cold
pci 0000:05:00.1: PME# disabled
pci 0000:05:00.1: reg 184 32bit mmio: [0xd1180000-0xd1183fff]
pci 0000:05:00.1: reg 190 32bit mmio: [0xd1160000-0xd1163fff]
pci 0000:00:1c.0: bridge io port: [0x1000-0x1fff]
pci 0000:00:1c.0: bridge 32bit mmio: [0xd1100000-0xd11fffff]
pci 0000:07:00.0: reg 10 32bit mmio pref: [0xea000000-0xeaffffff]
pci 0000:07:00.0: reg 14 32bit mmio: [0xd0810000-0xd0813fff]
pci 0000:07:00.0: reg 18 32bit mmio: [0xd0000000-0xd07fffff]
pci 0000:07:00.0: reg 30 32bit mmio pref: [0xd0800000-0xd080ffff]
pci 0000:00:1c.7: bridge 32bit mmio: [0xd0000000-0xd08fffff]
pci 0000:00:1c.7: bridge 64bit mmio pref: [0xea000000-0xeaffffff]
pci 0000:00:1e.0: transparent bridge
pci_bus 0000:00: on NUMA node 0 (pxm 0)
ACPI: PCI Interrupt Routing Table [\_SB_.PCI0._PRT]
ACPI: PCI Interrupt Routing Table [\_SB_.PCI0.EVRP._PRT]
ACPI: PCI Interrupt Routing Table [\_SB_.PCI0.RP01._PRT]
ACPI: PCI Interrupt Routing Table [\_SB_.PCI0.RP08._PRT]
ACPI: PCI Interrupt Routing Table [\_SB_.PCI0.BR10._PRT]
ACPI: PCI Interrupt Routing Table [\_SB_.PCI0.BR12._PRT]
ACPI: PCI Interrupt Routing Table [\_SB_.PCI0.BR16._PRT]
 pci0000:00: Requesting ACPI _OSC control (0x1d)
 pci0000:00: ACPI _OSC control (0x15) granted
ACPI: PCI Root Bridge [PCI1] (0000:80)
pci 0000:80:03.0: PME# supported from D0 D3hot D3cold
pci 0000:80:03.0: PME# disabled
pci 0000:80:04.0: reg 10 64bit mmio: [0xfbf70000-0xfbf73fff]
pci 0000:80:04.1: reg 10 64bit mmio: [0xfbf60000-0xfbf63fff]
pci 0000:80:04.2: reg 10 64bit mmio: [0xfbf50000-0xfbf53fff]
pci 0000:80:04.3: reg 10 64bit mmio: [0xfbf40000-0xfbf43fff]
pci 0000:80:04.4: reg 10 64bit mmio: [0xfbf30000-0xfbf33fff]
pci 0000:80:04.5: reg 10 64bit mmio: [0xfbf20000-0xfbf23fff]
pci 0000:80:04.6: reg 10 64bit mmio: [0xfbf10000-0xfbf13fff]
pci 0000:80:04.7: reg 10 64bit mmio: [0xfbf00000-0xfbf03fff]
pci 0000:80:05.4: reg 10 32bit mmio: [0xec000000-0xec000fff]
pci_bus 0000:80: on NUMA node 1 (pxm 1)
ACPI: PCI Interrupt Routing Table [\_SB_.PCI1._PRT]
ACPI: PCI Interrupt Routing Table [\_SB_.PCI1.BR48._PRT]
 pci0000:80: Requesting ACPI _OSC control (0x1d)
 pci0000:80: ACPI _OSC control (0x15) granted
ACPI: PCI Root Bridge [UCR0] (0000:7f)
 pci0000:7f: Requesting ACPI _OSC control (0x1d)
ACPI: PCI Root Bridge [UCR1] (0000:ff)
 pci0000:ff: Requesting ACPI _OSC control (0x1d)
ACPI: PCI Interrupt Link [LNKA] (IRQs 3 4 5 6 10 *11 12 14 15)
ACPI: PCI Interrupt Link [LNKB] (IRQs 3 4 5 6 *10 11 12 14 15)
ACPI: PCI Interrupt Link [LNKC] (IRQs 3 4 *5 6 10 11 12 14 15)
ACPI: PCI Interrupt Link [LNKD] (IRQs 3 4 5 6 10 *11 12 14 15)
ACPI: PCI Interrupt Link [LNKE] (IRQs 3 4 *5 6 10 11 12 14 15)
ACPI: PCI Interrupt Link [LNKF] (IRQs 3 4 5 6 10 *11 12 14 15)
ACPI: PCI Interrupt Link [LNKG] (IRQs 3 4 5 6 *10 11 12 14 15)
ACPI: PCI Interrupt Link [LNKH] (IRQs 3 4 5 6 *10 11 12 14 15)
vgaarb: device added: PCI:0000:07:00.0,decodes=io+mem,owns=io+mem,locks=none
vgaarb: loaded
vgaarb: bridge control possible 0000:07:00.0
SCSI subsystem initialized
libata version 3.00 loaded.
usbcore: registered new interface driver usbfs
usbcore: registered new interface driver hub
usbcore: registered new device driver usb
PCI: Using ACPI for IRQ routing
PCI: old code would have set cacheline size to 32 bytes, but clflush_size = 64
PCI: pci_cache_line_size set to 64 bytes
NetLabel: Initializing
NetLabel:  domain hash size = 128
NetLabel:  protocols = UNLABELED CIPSOv4
NetLabel:  unlabeled traffic allowed by default
hpet0: at MMIO 0xfed00000, IRQs 2, 8, 0, 0, 0, 0, 0, 0
hpet0: 8 comparators, 64-bit 14.318180 MHz counter
Switching to clocksource hpet
pnp: PnP ACPI init
ACPI: bus type pnp registered
pnp: PnP ACPI: found 15 devices
ACPI: ACPI bus type pnp unregistered
system 00:05: ioport range 0x680-0x69f has been reserved
system 00:05: ioport range 0xffff-0xffff has been reserved
system 00:05: ioport range 0xffff-0xffff has been reserved
system 00:05: ioport range 0xffff-0xffff has been reserved
system 00:05: ioport range 0x400-0x453 has been reserved
system 00:05: ioport range 0x458-0x47f has been reserved
system 00:05: ioport range 0x500-0x57f has been reserved
system 00:05: ioport range 0x600-0x61f has been reserved
system 00:05: ioport range 0xca2-0xca5 has been reserved
system 00:05: ioport range 0xcf9-0xcf9 could not be reserved
system 00:07: ioport range 0x454-0x457 has been reserved
system 00:0a: iomem range 0xfed1c000-0xfed1ffff has been reserved
system 00:0a: iomem range 0xebfff000-0xebffffff has been reserved
system 00:0a: iomem range 0xc0000000-0xcfffffff has been reserved
system 00:0a: iomem range 0xfed20000-0xfed3ffff has been reserved
system 00:0a: iomem range 0xfed45000-0xfed8ffff has been reserved
system 00:0a: iomem range 0xff000000-0xffffffff could not be reserved
system 00:0a: iomem range 0xfee00000-0xfeefffff could not be reserved
system 00:0a: iomem range 0xfec00000-0xfecfffff could not be reserved
system 00:0a: iomem range 0xd1270000-0xd1270fff has been reserved
system 00:0c: iomem range 0x0-0x9cfff could not be reserved
pci 0000:00:01.0: PCI bridge to [bus 01-01]
pci 0000:00:01.0: PCI bridge, secondary bus 0000:01
pci 0000:00:01.0:   bridge window [io  disabled]
pci 0000:00:01.0:   bridge window [mem disabled]
pci 0000:00:01.0:   bridge window [mem pref disabled]
pci 0000:00:02.0: PCI bridge to [bus 02-02]
pci 0000:00:02.0: PCI bridge, secondary bus 0000:02
pci 0000:00:02.0:   bridge window [io  disabled]
pci 0000:00:02.0:   bridge window [0xd0c00000-0xd10fffff]
pci 0000:00:02.0:   bridge window [mem pref disabled]
pci 0000:00:03.0: PCI bridge to [bus 03-03]
pci 0000:00:03.0: PCI bridge, secondary bus 0000:03
pci 0000:00:03.0:   bridge window [io  disabled]
pci 0000:00:03.0:   bridge window [mem disabled]
pci 0000:00:03.0:   bridge window [mem pref disabled]
pci 0000:00:11.0: PCI bridge to [bus 04-04]
pci 0000:00:11.0: PCI bridge, secondary bus 0000:04
pci 0000:00:11.0:   bridge window [io  disabled]
pci 0000:00:11.0:   bridge window [mem disabled]
pci 0000:00:11.0:   bridge window [mem pref disabled]
pci 0000:05:00.0: reg 184 32bit mmio: [0xd11c0000-0xd11c3fff]
pci 0000:05:00.0: reg 190 32bit mmio: [0xd11a0000-0xd11a3fff]
pci 0000:05:00.0: reg 184 32bit mmio: [0xd11c0000-0xd11c3fff]
pci 0000:05:00.1: reg 184 32bit mmio: [0xd1180000-0xd1183fff]
pci 0000:05:00.0: reg 184 32bit mmio: [0xd11c0000-0xd11c3fff]
pci 0000:05:00.0: reg 190 32bit mmio: [0xd11a0000-0xd11a3fff]
pci 0000:05:00.1: reg 190 32bit mmio: [0xd1160000-0xd1163fff]
pci 0000:05:00.0: reg 184 32bit mmio: [0xd11c0000-0xd11c3fff]
pci 0000:05:00.0: reg 190 32bit mmio: [0xd11a0000-0xd11a3fff]
pci 0000:05:00.1: reg 184 32bit mmio: [0xd1180000-0xd1183fff]
pci 0000:05:00.0: reg 184 32bit mmio: [0xd11c0000-0xd11c3fff]
pci 0000:05:00.0: reg 184 32bit mmio: [0xd11c0000-0xd11c3fff]
pci 0000:05:00.0: reg 190 32bit mmio: [0xd11a0000-0xd11a3fff]
pci 0000:05:00.0: reg 190 32bit mmio: [0xd11a0000-0xd11a3fff]
pci 0000:05:00.1: reg 184 32bit mmio: [0xd1180000-0xd1183fff]
pci 0000:05:00.1: reg 184 32bit mmio: [0xd1180000-0xd1183fff]
pci 0000:05:00.1: reg 190 32bit mmio: [0xd1160000-0xd1163fff]
pci 0000:05:00.1: reg 190 32bit mmio: [0xd1160000-0xd1163fff]
pci 0000:00:1c.0: PCI bridge to [bus 05-06]
pci 0000:00:1c.0: PCI bridge, secondary bus 0000:05
pci 0000:00:1c.0:   bridge window [0x1000-0x1fff]
pci 0000:00:1c.0:   bridge window [0xd1100000-0xd11fffff]
pci 0000:00:1c.0:   bridge window [mem pref disabled]
pci 0000:00:1c.7: PCI bridge to [bus 07-07]
pci 0000:00:1c.7: PCI bridge, secondary bus 0000:07
pci 0000:00:1c.7:   bridge window [io  disabled]
pci 0000:00:1c.7:   bridge window [0xd0000000-0xd08fffff]
pci 0000:00:1c.7:   bridge window [0xea000000-0xeaffffff]
pci 0000:00:1e.0: PCI bridge to [bus 08-08]
pci 0000:00:1e.0: PCI bridge, secondary bus 0000:08
pci 0000:00:1e.0:   bridge window [io  disabled]
pci 0000:00:1e.0:   bridge window [mem disabled]
pci 0000:00:1e.0:   bridge window [mem pref disabled]
  alloc irq_desc for 47 on node 0
  alloc kstat_irqs on node 0
pci 0000:00:01.0: PCI INT A -> GSI 47 (level, low) -> IRQ 47
pci 0000:00:01.0: setting latency timer to 64
pci 0000:00:02.0: PCI INT A -> GSI 47 (level, low) -> IRQ 47
pci 0000:00:02.0: setting latency timer to 64
  alloc irq_desc for 16 on node 0
  alloc kstat_irqs on node 0
pci 0000:00:03.0: PCI INT A -> GSI 16 (level, low) -> IRQ 16
pci 0000:00:03.0: setting latency timer to 64
pci 0000:00:11.0: PCI INT A -> GSI 16 (level, low) -> IRQ 16
pci 0000:00:11.0: setting latency timer to 64
pci 0000:00:1c.0: PCI INT A -> GSI 16 (level, low) -> IRQ 16
pci 0000:00:1c.0: setting latency timer to 64
  alloc irq_desc for 19 on node 0
  alloc kstat_irqs on node 0
pci 0000:00:1c.7: PCI INT D -> GSI 19 (level, low) -> IRQ 19
pci 0000:00:1c.7: setting latency timer to 64
pci 0000:00:1e.0: setting latency timer to 64
pci 0000:80:03.0: PCI bridge to [bus 81-81]
pci 0000:80:03.0: PCI bridge, secondary bus 0000:81
pci 0000:80:03.0:   bridge window [io  disabled]
pci 0000:80:03.0:   bridge window [mem disabled]
pci 0000:80:03.0:   bridge window [mem pref disabled]
  alloc irq_desc for 71 on node 1
  alloc kstat_irqs on node 1
pci 0000:80:03.0: PCI INT A -> GSI 71 (level, low) -> IRQ 71
pci 0000:80:03.0: setting latency timer to 64
pci_bus 0000:00: resource 0 io:  [0x00-0xffff]
pci_bus 0000:00: resource 1 mem: [0x000000-0xffffffffffffffff]
pci_bus 0000:02: resource 1 mem: [0xd0c00000-0xd10fffff]
pci_bus 0000:05: resource 0 io:  [0x1000-0x1fff]
pci_bus 0000:05: resource 1 mem: [0xd1100000-0xd11fffff]
pci_bus 0000:07: resource 1 mem: [0xd0000000-0xd08fffff]
pci_bus 0000:07: resource 2 pref mem [0xea000000-0xeaffffff]
pci_bus 0000:08: resource 3 io:  [0x00-0xffff]
pci_bus 0000:08: resource 4 mem: [0x000000-0xffffffffffffffff]
pci_bus 0000:80: resource 0 io:  [0x00-0xffff]
pci_bus 0000:80: resource 1 mem: [0x000000-0xffffffffffffffff]
pci_bus 0000:7f: resource 0 io:  [0x00-0xffff]
pci_bus 0000:7f: resource 1 mem: [0x000000-0xffffffffffffffff]
pci_bus 0000:ff: resource 0 io:  [0x00-0xffff]
pci_bus 0000:ff: resource 1 mem: [0x000000-0xffffffffffffffff]
NET: Registered protocol family 2
IP route cache hash table entries: 524288 (order: 10, 4194304 bytes)
TCP established hash table entries: 524288 (order: 11, 8388608 bytes)
TCP bind hash table entries: 65536 (order: 8, 1048576 bytes)
TCP: Hash tables configured (established 524288 bind 65536)
TCP reno registered
NET: Registered protocol family 1
pci 0000:07:00.0: Boot video device
Trying to unpack rootfs image as initramfs...
Freeing initrd memory: 13114k freed
audit: initializing netlink socket (disabled)
type=2000 audit(1338996458.214:1): initialized
HugeTLB registered 2 MB page size, pre-allocated 0 pages
VFS: Disk quotas dquot_6.5.2
Dquot-cache hash table entries: 512 (order 0, 4096 bytes)
msgmni has been set to 32768
SELinux:  Registering netfilter hooks
alg: No test for stdrng (krng)
ksign: Installing public key data
Loading keyring
- Added public key 5BC71604CDAD8E4C
- User ID: Red Hat, Inc. (Kernel Module GPG key)
- Added public key D4A26C9CCD09BEDA
- User ID: Red Hat Enterprise Linux Driver Update Program <secalert@redhat.com>
Block layer SCSI generic (bsg) driver version 0.4 loaded (major 252)
io scheduler noop registered
io scheduler anticipatory registered
io scheduler deadline registered
io scheduler cfq registered (default)
pcieport 0000:00:01.0: setting latency timer to 64
  alloc irq_desc for 72 on node 0
  alloc kstat_irqs on node 0
pcieport 0000:00:01.0: irq 72 for MSI/MSI-X
pcieport 0000:00:02.0: setting latency timer to 64
  alloc irq_desc for 73 on node 0
  alloc kstat_irqs on node 0
pcieport 0000:00:02.0: irq 73 for MSI/MSI-X
pcieport 0000:00:03.0: setting latency timer to 64
  alloc irq_desc for 74 on node 0
  alloc kstat_irqs on node 0
pcieport 0000:00:03.0: irq 74 for MSI/MSI-X
pcieport 0000:00:11.0: setting latency timer to 64
  alloc irq_desc for 75 on node 0
  alloc kstat_irqs on node 0
pcieport 0000:00:11.0: irq 75 for MSI/MSI-X
pcieport 0000:00:1c.0: setting latency timer to 64
  alloc irq_desc for 76 on node 0
  alloc kstat_irqs on node 0
pcieport 0000:00:1c.0: irq 76 for MSI/MSI-X
pcieport 0000:00:1c.7: setting latency timer to 64
  alloc irq_desc for 77 on node 0
  alloc kstat_irqs on node 0
pcieport 0000:00:1c.7: irq 77 for MSI/MSI-X
pcieport 0000:80:03.0: setting latency timer to 64
  alloc irq_desc for 78 on node 1
  alloc kstat_irqs on node 1
pcieport 0000:80:03.0: irq 78 for MSI/MSI-X
pci_hotplug: PCI Hot Plug PCI Core version: 0.5
pciehp: PCI Express Hot Plug Controller Driver version: 0.4
acpiphp: ACPI Hot Plug PCI Controller Driver version: 0.5
acpiphp: Slot [2] registered
acpiphp: Slot [2-1] registered
intel_idle: MWAIT substates: 0x21120
intel_idle: v0.4 model 0x2D
intel_idle: lapic_timer_reliable_states 0xffffffff
input: Power Button as /devices/LNXSYSTM:00/LNXPWRBN:00/input/input0
ACPI: Power Button [PWRF]
ACPI: acpi_idle yielding to intel_idle
processor LNXCPU:00: registered as cooling_device0
processor LNXCPU:01: registered as cooling_device1
processor LNXCPU:02: registered as cooling_device2
processor LNXCPU:03: registered as cooling_device3
processor LNXCPU:04: registered as cooling_device4
processor LNXCPU:05: registered as cooling_device5
processor LNXCPU:06: registered as cooling_device6
processor LNXCPU:07: registered as cooling_device7
processor LNXCPU:08: registered as cooling_device8
processor LNXCPU:09: registered as cooling_device9
processor LNXCPU:0a: registered as cooling_device10
processor LNXCPU:0b: registered as cooling_device11
processor LNXCPU:0c: registered as cooling_device12
processor LNXCPU:0d: registered as cooling_device13
processor LNXCPU:0e: registered as cooling_device14
processor LNXCPU:0f: registered as cooling_device15
processor LNXCPU:10: registered as cooling_device16
processor LNXCPU:11: registered as cooling_device17
processor LNXCPU:12: registered as cooling_device18
processor LNXCPU:13: registered as cooling_device19
processor LNXCPU:14: registered as cooling_device20
processor LNXCPU:15: registered as cooling_device21
processor LNXCPU:16: registered as cooling_device22
processor LNXCPU:17: registered as cooling_device23
processor LNXCPU:18: registered as cooling_device24
processor LNXCPU:19: registered as cooling_device25
processor LNXCPU:1a: registered as cooling_device26
processor LNXCPU:1b: registered as cooling_device27
processor LNXCPU:1c: registered as cooling_device28
processor LNXCPU:1d: registered as cooling_device29
processor LNXCPU:1e: registered as cooling_device30
processor LNXCPU:1f: registered as cooling_device31
ACPI: acpi_pre_map: [mem 0xbdd91000-0xbdd91fff] (ioremap'ed window [0xffffc90013e40000-0xffffc90013e40fff]) ref_cnt 1
ACPI: acpi_pre_map: 0xbdd91018  0xffffc90013e40018 ref_cnt 2
ACPI: acpi_pre_map: 0xbdd91018  0xffffc90013e40018 ref_cnt 3
ACPI: acpi_pre_map: 0xbdd91030  0xffffc90013e40030 ref_cnt 4
ACPI: acpi_pre_map: 0xbdd91040  0xffffc90013e40040 ref_cnt 5
ACPI: acpi_pre_map: 0xbdd91038  0xffffc90013e40038 ref_cnt 6
ACPI: acpi_pre_map: 0xbdd91070  0xffffc90013e40070 ref_cnt 7
ACPI: acpi_pre_map: 0xbdd91020  0xffffc90013e40020 ref_cnt 8
ACPI: acpi_pre_map: 0xbdd91048  0xffffc90013e40048 ref_cnt 9
ACPI: acpi_pre_map: 0xbdd91018  0xffffc90013e40018 ref_cnt 10
ACPI: acpi_pre_map: 0xbdd91028  0xffffc90013e40028 ref_cnt 11
ACPI: acpi_pre_map: 0xbdd91050  0xffffc90013e40050 ref_cnt 12
ACPI: acpi_pre_map: 0xbdd91058  0xffffc90013e40058 ref_cnt 13
ACPI: acpi_pre_map: 0xbdd91060  0xffffc90013e40060 ref_cnt 14
ERST: Could not register with persistent store
ERST: Error Record Serialization Table (ERST) support is initialized.
GHES: ghes_init()
GHES: ghes_probe(0xffffc9001310af54 [0  0xbdd8d018  64], type 3)
GHES: ghes_new(0xffffc9001310af54 [0  0xbdd8d018  64])
ACPI: acpi_pre_map: [mem 0xbdd8d000-0xbdd8dfff] (ioremap'ed window [0xffffc90013e4a000-0xffffc90013e4afff]) ref_cnt 1
GHES: ghes_new() exiting w/ 0xffffc9001310af54
GHES: ghes_probe() exiting w/ 0
GHES: ghes_probe(0xffffc9001310af94 [0  0xbdd8e020  64], type 4)
GHES: ghes_new(0xffffc9001310af94 [0  0xbdd8e020  64])
ACPI: acpi_pre_map: [mem 0xbdd8e000-0xbdd8efff] (ioremap'ed window [0xffffc90013e50000-0xffffc90013e50fff]) ref_cnt 1
GHES: ghes_new() exiting w/ 0xffffc9001310af94
GHES: ghes_probe() exiting w/ 0
GHES: APEI firmware first mode is enabled by APEI bit and WHEA _OSC.
GHES: ghes_init() exiting w/ 0
Non-volatile memory driver v1.3
Linux agpgart interface v0.103
crash memory driver: version 1.1
Serial: 8250/16550 driver, 4 ports, IRQ sharing enabled
serial8250: ttyS0 at I/O 0x3f8 (irq = 4) is a 16550A
Refined TSC clocksource calibration: 2593.749 MHz.
Switching to clocksource tsc
serial8250: ttyS1 at I/O 0x2f8 (irq = 3) is a 16550A
00:08: ttyS0 at I/O 0x3f8 (irq = 4) is a 16550A
00:09: ttyS1 at I/O 0x2f8 (irq = 3) is a 16550A
brd: module loaded
loop: module loaded
input: Macintosh mouse button emulation as /devices/virtual/input/input1
Fixed MDIO Bus: probed
ehci_hcd: USB 2.0 'Enhanced' Host Controller (EHCI) Driver
  alloc irq_desc for 22 on node 0
  alloc kstat_irqs on node 0
ehci_hcd 0000:00:1a.0: PCI INT B -> GSI 22 (level, low) -> IRQ 22
ehci_hcd 0000:00:1a.0: setting latency timer to 64
ehci_hcd 0000:00:1a.0: EHCI Host Controller
ehci_hcd 0000:00:1a.0: new USB bus registered, assigned bus number 1
ehci_hcd 0000:00:1a.0: debug port 2
ehci_hcd 0000:00:1a.0: cache line size of 64 is not supported
ehci_hcd 0000:00:1a.0: irq 22, io mem 0xd1220000
ehci_hcd 0000:00:1a.0: USB 2.0 started, EHCI 1.00
usb usb1: New USB device found, idVendor=1d6b, idProduct=0002
usb usb1: New USB device strings: Mfr=3, Product=2, SerialNumber=1
usb usb1: Product: EHCI Host Controller
usb usb1: Manufacturer: Linux 2.6.32-220.17.1.3chaos.ch5.x86_64 ehci_hcd
usb usb1: SerialNumber: 0000:00:1a.0
usb usb1: configuration #1 chosen from 1 choice
hub 1-0:1.0: USB hub found
hub 1-0:1.0: 2 ports detected
  alloc irq_desc for 20 on node 0
  alloc kstat_irqs on node 0
ehci_hcd 0000:00:1d.0: PCI INT A -> GSI 20 (level, low) -> IRQ 20
ehci_hcd 0000:00:1d.0: setting latency timer to 64
ehci_hcd 0000:00:1d.0: EHCI Host Controller
ehci_hcd 0000:00:1d.0: new USB bus registered, assigned bus number 2
ehci_hcd 0000:00:1d.0: debug port 2
ehci_hcd 0000:00:1d.0: cache line size of 64 is not supported
ehci_hcd 0000:00:1d.0: irq 20, io mem 0xd1210000
ehci_hcd 0000:00:1d.0: USB 2.0 started, EHCI 1.00
usb usb2: New USB device found, idVendor=1d6b, idProduct=0002
usb usb2: New USB device strings: Mfr=3, Product=2, SerialNumber=1
usb usb2: Product: EHCI Host Controller
usb usb2: Manufacturer: Linux 2.6.32-220.17.1.3chaos.ch5.x86_64 ehci_hcd
usb usb2: SerialNumber: 0000:00:1d.0
usb usb2: configuration #1 chosen from 1 choice
hub 2-0:1.0: USB hub found
hub 2-0:1.0: 2 ports detected
ohci_hcd: USB 1.1 'Open' Host Controller (OHCI) Driver
uhci_hcd: USB Universal Host Controller Interface driver
PNP: No PS/2 controller found. Probing ports directly.
usb 1-1: new high speed USB device using ehci_hcd and address 2
usb 1-1: New USB device found, idVendor=8087, idProduct=0024
usb 1-1: New USB device strings: Mfr=0, Product=0, SerialNumber=0
usb 1-1: configuration #1 chosen from 1 choice
hub 1-1:1.0: USB hub found
hub 1-1:1.0: 6 ports detected
usb 2-1: new high speed USB device using ehci_hcd and address 2
i8042.c: Can't read CTR while initializing i8042.
i8042: probe of i8042 failed with error -5
mice: PS/2 mouse device common for all mice
rtc_cmos 00:06: RTC can wake from S4
rtc_cmos 00:06: rtc core: registered rtc_cmos as rtc0
rtc0: alarms up to one month, y3k, 242 bytes nvram, hpet irqs
cpuidle: using governor ladder
cpuidle: using governor menu
usbcore: registered new interface driver hiddev
usbcore: registered new interface driver usbhid
usbhid: v2.6:USB HID core driver
usb 2-1: New USB device found, idVendor=8087, idProduct=0024
TCP cubic registered
Initializing XFRM netlink socket
NET: Registered protocol family 17
registered taskstats version 1
rtc_cmos 00:06: setting system clock to 2012-06-06 15:27:44 UTC (1338996464)
usb 2-1: New USB device strings: Mfr=0, Product=0, SerialNumber=0
usb 2-1: configuration #1 chosen from 1 choice
hub 2-1:1.0: USB hub found
hub 2-1:1.0: 8 ports detected
Initalizing network drop monitor service
Freeing unused kernel memory: 1244k freed
Write protecting the kernel read-only data: 10240k
Freeing unused kernel memory: 1032k freed
Freeing unused kernel memory: 1752k freed
udev: starting version 147
dca service started, version 1.12.1
Intel(R) Gigabit Ethernet Network Driver - version 3.0.6-k
Copyright (c) 2007-2011 Intel Corporation.
igb 0000:05:00.0: PCI INT A -> GSI 16 (level, low) -> IRQ 16
igb 0000:05:00.0: setting latency timer to 64
  alloc irq_desc for 79 on node 0
  alloc kstat_irqs on node 0
igb 0000:05:00.0: irq 79 for MSI/MSI-X
  alloc irq_desc for 80 on node 0
  alloc kstat_irqs on node 0
igb 0000:05:00.0: irq 80 for MSI/MSI-X
  alloc irq_desc for 81 on node 0
  alloc kstat_irqs on node 0
igb 0000:05:00.0: irq 81 for MSI/MSI-X
  alloc irq_desc for 82 on node 0
  alloc kstat_irqs on node 0
igb 0000:05:00.0: irq 82 for MSI/MSI-X
  alloc irq_desc for 83 on node 0
  alloc kstat_irqs on node 0
igb 0000:05:00.0: irq 83 for MSI/MSI-X
  alloc irq_desc for 84 on node 0
  alloc kstat_irqs on node 0
igb 0000:05:00.0: irq 84 for MSI/MSI-X
  alloc irq_desc for 85 on node 0
  alloc kstat_irqs on node 0
igb 0000:05:00.0: irq 85 for MSI/MSI-X
  alloc irq_desc for 86 on node 0
  alloc kstat_irqs on node 0
igb 0000:05:00.0: irq 86 for MSI/MSI-X
  alloc irq_desc for 87 on node 0
  alloc kstat_irqs on node 0
igb 0000:05:00.0: irq 87 for MSI/MSI-X
igb 0000:05:00.0: 0 vfs allocated
igb 0000:05:00.0: Intel(R) Gigabit Ethernet Network Connection
igb 0000:05:00.0: eth0: (PCIe:5.0Gb/s:Width x4) 00:1e:67:28:ec:ee
igb 0000:05:00.0: eth0: PBA No: 006600-000
usb 2-1.4: new full speed USB device using ehci_hcd and address 3
igb 0000:05:00.0: Using MSI-X interrupts. 8 rx queue(s), 8 tx queue(s)
  alloc irq_desc for 17 on node 0
  alloc kstat_irqs on node 0
igb 0000:05:00.1: PCI INT B -> GSI 17 (level, low) -> IRQ 17
igb 0000:05:00.1: setting latency timer to 64
  alloc irq_desc for 88 on node 0
  alloc kstat_irqs on node 0
igb 0000:05:00.1: irq 88 for MSI/MSI-X
  alloc irq_desc for 89 on node 0
  alloc kstat_irqs on node 0
igb 0000:05:00.1: irq 89 for MSI/MSI-X
  alloc irq_desc for 90 on node 0
  alloc kstat_irqs on node 0
igb 0000:05:00.1: irq 90 for MSI/MSI-X
  alloc irq_desc for 91 on node 0
  alloc kstat_irqs on node 0
igb 0000:05:00.1: irq 91 for MSI/MSI-X
  alloc irq_desc for 92 on node 0
  alloc kstat_irqs on node 0
igb 0000:05:00.1: irq 92 for MSI/MSI-X
  alloc irq_desc for 93 on node 0
  alloc kstat_irqs on node 0
igb 0000:05:00.1: irq 93 for MSI/MSI-X
  alloc irq_desc for 94 on node 0
  alloc kstat_irqs on node 0
igb 0000:05:00.1: irq 94 for MSI/MSI-X
  alloc irq_desc for 95 on node 0
  alloc kstat_irqs on node 0
igb 0000:05:00.1: irq 95 for MSI/MSI-X
  alloc irq_desc for 96 on node 0
  alloc kstat_irqs on node 0
igb 0000:05:00.1: irq 96 for MSI/MSI-X
igb 0000:05:00.1: 0 vfs allocated
igb 0000:05:00.1: Intel(R) Gigabit Ethernet Network Connection
igb 0000:05:00.1: eth1: (PCIe:5.0Gb/s:Width x4) 00:1e:67:28:ec:ef
igb 0000:05:00.1: eth1: PBA No: 006600-000
igb 0000:05:00.1: Using MSI-X interrupts. 8 rx queue(s), 8 tx queue(s)
usb 2-1.4: New USB device found, idVendor=046b, idProduct=ff10
usb 2-1.4: New USB device strings: Mfr=1, Product=2, SerialNumber=3
usb 2-1.4: Product: Virtual Keyboard and Mouse
usb 2-1.4: Manufacturer: American Megatrends Inc.
usb 2-1.4: SerialNumber: serial
usb 2-1.4: configuration #1 chosen from 1 choice
input: American Megatrends Inc. Virtual Keyboard and Mouse as /devices/pci0000:00/0000:00:1d.0/usb2/2-1/2-1.4/2-1.4:1.0/input/input2
generic-usb 0003:046B:FF10.0001: input,hidraw0: USB HID v1.10 Keyboard [American Megatrends Inc. Virtual Keyboard and Mouse] on usb-0000:00:1d.0-1.4/input0
input: American Megatrends Inc. Virtual Keyboard and Mouse as /devices/pci0000:00/0000:00:1d.0/usb2/2-1/2-1.4/2-1.4:1.1/input/input3
generic-usb 0003:046B:FF10.0002: input,hidraw1: USB HID v1.10 Mouse [American Megatrends Inc. Virtual Keyboard and Mouse] on usb-0000:00:1d.0-1.4/input1
hub 2-1:1.0: over-current change on port 1
igb: eth0 NIC Link is Up 1000 Mbps Full Duplex, Flow Control: RX/TX
RPC: Registered udp transport module.
RPC: Registered tcp transport module.
RPC: Registered tcp NFSv4.1 backchannel transport module.
Slow work thread pool: Starting up
Slow work thread pool: Ready
FS-Cache: Loaded
FS-Cache: Netfs 'nfs' registered for caching
NET: Registered protocol family 10
lo: Disabled Privacy Extensions
dracut: Mounted root filesystem 192.168.64.155:/tftpboot/images/compute.x86_64
SELinux:  Disabled at runtime.
SELinux:  Unregistering netfilter hooks
type=1404 audit(1338996476.648:2): selinux=0 auid=4294967295 ses=4294967295
dracut: 
dracut: Switching root
eth0: no IPv6 routers present
ip_tables: (C) 2000-2006 Netfilter Core Team
nf_conntrack version 0.5.0 (16384 buckets, 65536 max)
readahead-collector: starting
udev: starting version 147
ACPI: WMI: Mapper loaded
  alloc irq_desc for 32 on node 0
  alloc kstat_irqs on node 0
ib_qib 0000:02:00.0: PCI INT A -> GSI 32 (level, low) -> IRQ 32
ib_qib 0000:02:00.0: setting latency timer to 64
  alloc irq_desc for 97 on node 0
  alloc kstat_irqs on node 0
ib_qib 0000:02:00.0: irq 97 for MSI/MSI-X
  alloc irq_desc for 98 on node 0
  alloc kstat_irqs on node 0
ib_qib 0000:02:00.0: irq 98 for MSI/MSI-X
  alloc irq_desc for 99 on node 0
  alloc kstat_irqs on node 0
ib_qib 0000:02:00.0: irq 99 for MSI/MSI-X
  alloc irq_desc for 100 on node 0
  alloc kstat_irqs on node 0
ib_qib 0000:02:00.0: irq 100 for MSI/MSI-X
  alloc irq_desc for 101 on node 0
  alloc kstat_irqs on node 0
ib_qib 0000:02:00.0: irq 101 for MSI/MSI-X
  alloc irq_desc for 102 on node 0
  alloc kstat_irqs on node 0
ib_qib 0000:02:00.0: irq 102 for MSI/MSI-X
  alloc irq_desc for 103 on node 0
  alloc kstat_irqs on node 0
ib_qib 0000:02:00.0: irq 103 for MSI/MSI-X
ioatdma: Intel(R) QuickData Technology Driver 4.00
  alloc irq_desc for 31 on node 0
  alloc kstat_irqs on node 0
ioatdma 0000:00:04.0: PCI INT A -> GSI 31 (level, low) -> IRQ 31
ioatdma 0000:00:04.0: setting latency timer to 64
  alloc irq_desc for 104 on node 0
  alloc kstat_irqs on node 0
ioatdma 0000:00:04.0: irq 104 for MSI/MSI-X
igb 0000:05:00.0: DCA enabled
igb 0000:05:00.1: DCA enabled
  alloc irq_desc for 39 on node 0
  alloc kstat_irqs on node 0
ioatdma 0000:00:04.1: PCI INT B -> GSI 39 (level, low) -> IRQ 39
ioatdma 0000:00:04.1: setting latency timer to 64
  alloc irq_desc for 105 on node 0
  alloc kstat_irqs on node 0
ioatdma 0000:00:04.1: irq 105 for MSI/MSI-X
ioatdma 0000:00:04.2: PCI INT C -> GSI 31 (level, low) -> IRQ 31
ioatdma 0000:00:04.2: setting latency timer to 64
  alloc irq_desc for 106 on node 0
  alloc kstat_irqs on node 0
ioatdma 0000:00:04.2: irq 106 for MSI/MSI-X
ioatdma 0000:00:04.3: PCI INT D -> GSI 39 (level, low) -> IRQ 39
ioatdma 0000:00:04.3: setting latency timer to 64
  alloc irq_desc for 107 on node 0
  alloc kstat_irqs on node 0
ioatdma 0000:00:04.3: irq 107 for MSI/MSI-X
ioatdma 0000:00:04.4: PCI INT A -> GSI 31 (level, low) -> IRQ 31
ioatdma 0000:00:04.4: setting latency timer to 64
  alloc irq_desc for 108 on node 0
  alloc kstat_irqs on node 0
ioatdma 0000:00:04.4: irq 108 for MSI/MSI-X
ioatdma 0000:00:04.5: PCI INT B -> GSI 39 (level, low) -> IRQ 39
ioatdma 0000:00:04.5: setting latency timer to 64
  alloc irq_desc for 109 on node 0
  alloc kstat_irqs on node 0
ioatdma 0000:00:04.5: irq 109 for MSI/MSI-X
ioatdma 0000:00:04.6: PCI INT C -> GSI 31 (level, low) -> IRQ 31
ioatdma 0000:00:04.6: setting latency timer to 64
  alloc irq_desc for 110 on node 0
  alloc kstat_irqs on node 0
ioatdma 0000:00:04.6: irq 110 for MSI/MSI-X
ioatdma 0000:00:04.7: PCI INT D -> GSI 39 (level, low) -> IRQ 39
ioatdma 0000:00:04.7: setting latency timer to 64
  alloc irq_desc for 111 on node 0
  alloc kstat_irqs on node 0
ioatdma 0000:00:04.7: irq 111 for MSI/MSI-X
  alloc irq_desc for 55 on node 1
  alloc kstat_irqs on node 1
ioatdma 0000:80:04.0: PCI INT A -> GSI 55 (level, low) -> IRQ 55
ioatdma 0000:80:04.0: setting latency timer to 64
  alloc irq_desc for 112 on node 1
  alloc kstat_irqs on node 1
ioatdma 0000:80:04.0: irq 112 for MSI/MSI-X
  alloc irq_desc for 63 on node 1
  alloc kstat_irqs on node 1
ioatdma 0000:80:04.1: PCI INT B -> GSI 63 (level, low) -> IRQ 63
ioatdma 0000:80:04.1: setting latency timer to 64
  alloc irq_desc for 113 on node 1
  alloc kstat_irqs on node 1
ioatdma 0000:80:04.1: irq 113 for MSI/MSI-X
ioatdma 0000:80:04.2: PCI INT C -> GSI 55 (level, low) -> IRQ 55
ioatdma 0000:80:04.2: setting latency timer to 64
  alloc irq_desc for 114 on node 1
  alloc kstat_irqs on node 1
ioatdma 0000:80:04.2: irq 114 for MSI/MSI-X
ioatdma 0000:80:04.3: PCI INT D -> GSI 63 (level, low) -> IRQ 63
ioatdma 0000:80:04.3: setting latency timer to 64
  alloc irq_desc for 115 on node 1
  alloc kstat_irqs on node 1
ioatdma 0000:80:04.3: irq 115 for MSI/MSI-X
ioatdma 0000:80:04.4: PCI INT A -> GSI 55 (level, low) -> IRQ 55
ioatdma 0000:80:04.4: setting latency timer to 64
  alloc irq_desc for 116 on node 1
  alloc kstat_irqs on node 1
ioatdma 0000:80:04.4: irq 116 for MSI/MSI-X
ioatdma 0000:80:04.5: PCI INT B -> GSI 63 (level, low) -> IRQ 63
ioatdma 0000:80:04.5: setting latency timer to 64
  alloc irq_desc for 117 on node 1
  alloc kstat_irqs on node 1
ioatdma 0000:80:04.5: irq 117 for MSI/MSI-X
ioatdma 0000:80:04.6: PCI INT C -> GSI 55 (level, low) -> IRQ 55
ioatdma 0000:80:04.6: setting latency timer to 64
  alloc irq_desc for 118 on node 1
  alloc kstat_irqs on node 1
ioatdma 0000:80:04.6: irq 118 for MSI/MSI-X
ioatdma 0000:80:04.7: PCI INT D -> GSI 63 (level, low) -> IRQ 63
ioatdma 0000:80:04.7: setting latency timer to 64
  alloc irq_desc for 119 on node 1
  alloc kstat_irqs on node 1
ioatdma 0000:80:04.7: irq 119 for MSI/MSI-X
iTCO_vendor_support: vendor-support=0
iTCO_wdt: Intel TCO WatchDog Timer Driver v1.05
iTCO_wdt: unable to reset NO_REBOOT flag, device disabled by hardware/BIOS
  alloc irq_desc for 23 on node 0
  alloc kstat_irqs on node 0
i801_smbus 0000:00:1f.3: PCI INT C -> GSI 23 (level, low) -> IRQ 23
ACPI: I/O resource 0000:00:1f.3 [0x2000-0x201f] conflicts with ACPI region SMBI [0x2000-0x200f]
ACPI: If an ACPI driver is available for this device, you should use it instead of the native driver
EDAC MC: Ver: 2.1.0 May 30 2012
EDAC sbridge: Seeking for: dev 0e.0 PCI ID 8086:3ca0
EDAC sbridge: Seeking for: dev 0e.0 PCI ID 8086:3ca0
EDAC sbridge: Seeking for: dev 0e.0 PCI ID 8086:3ca0
EDAC sbridge: Seeking for: dev 0f.0 PCI ID 8086:3ca8
EDAC sbridge: Seeking for: dev 0f.0 PCI ID 8086:3ca8
EDAC sbridge: Seeking for: dev 0f.0 PCI ID 8086:3ca8
EDAC sbridge: Seeking for: dev 0f.1 PCI ID 8086:3c71
EDAC sbridge: Seeking for: dev 0f.1 PCI ID 8086:3c71
EDAC sbridge: Seeking for: dev 0f.1 PCI ID 8086:3c71
EDAC sbridge: Seeking for: dev 0f.2 PCI ID 8086:3caa
EDAC sbridge: Seeking for: dev 0f.2 PCI ID 8086:3caa
EDAC sbridge: Seeking for: dev 0f.2 PCI ID 8086:3caa
EDAC sbridge: Seeking for: dev 0f.3 PCI ID 8086:3cab
EDAC sbridge: Seeking for: dev 0f.3 PCI ID 8086:3cab
EDAC sbridge: Seeking for: dev 0f.3 PCI ID 8086:3cab
EDAC sbridge: Seeking for: dev 0f.4 PCI ID 8086:3cac
EDAC sbridge: Seeking for: dev 0f.4 PCI ID 8086:3cac
EDAC sbridge: Seeking for: dev 0f.4 PCI ID 8086:3cac
EDAC sbridge: Seeking for: dev 0f.5 PCI ID 8086:3cad
EDAC sbridge: Seeking for: dev 0f.5 PCI ID 8086:3cad
EDAC sbridge: Seeking for: dev 0f.5 PCI ID 8086:3cad
EDAC sbridge: Seeking for: dev 11.0 PCI ID 8086:3cb8
EDAC sbridge: Seeking for: dev 11.0 PCI ID 8086:3cb8
EDAC sbridge: Seeking for: dev 11.0 PCI ID 8086:3cb8
EDAC sbridge: Seeking for: dev 0c.6 PCI ID 8086:3cf4
EDAC sbridge: Seeking for: dev 0c.6 PCI ID 8086:3cf4
EDAC sbridge: Seeking for: dev 0c.6 PCI ID 8086:3cf4
EDAC sbridge: Seeking for: dev 0c.7 PCI ID 8086:3cf6
EDAC sbridge: Seeking for: dev 0c.7 PCI ID 8086:3cf6
EDAC sbridge: Seeking for: dev 0c.7 PCI ID 8086:3cf6
EDAC sbridge: Seeking for: dev 0d.6 PCI ID 8086:3cf5
EDAC sbridge: Seeking for: dev 0d.6 PCI ID 8086:3cf5
EDAC sbridge: Seeking for: dev 0d.6 PCI ID 8086:3cf5
EDAC MC0: Giving out device to 'sbridge_edac.c' 'Sandy Bridge Socket#0': DEV 0000:7f:0e.0
EDAC MC1: Giving out device to 'sbridge_edac.c' 'Sandy Bridge Socket#1': DEV 0000:ff:0e.0
EDAC sbridge: Driver loaded.
ahci 0000:00:1f.2: version 3.0
  alloc irq_desc for 21 on node 0
  alloc kstat_irqs on node 0
ahci 0000:00:1f.2: PCI INT B -> GSI 21 (level, low) -> IRQ 21
  alloc irq_desc for 120 on node 0
  alloc kstat_irqs on node 0
ahci 0000:00:1f.2: irq 120 for MSI/MSI-X
ahci 0000:00:1f.2: AHCI 0001.0300 32 slots 6 ports 6 Gbps 0x3f impl SATA mode
ahci 0000:00:1f.2: flags: 64bit ncq sntf pm led clo pio slum part ems apst 
ahci 0000:00:1f.2: setting latency timer to 64
scsi0 : ahci
scsi1 : ahci
scsi2 : ahci
scsi3 : ahci
scsi4 : ahci
scsi5 : ahci
ata1: SATA max UDMA/133 abar m2048@0xd1200000 port 0xd1200100 irq 120
ata2: SATA max UDMA/133 abar m2048@0xd1200000 port 0xd1200180 irq 120
ata3: SATA max UDMA/133 abar m2048@0xd1200000 port 0xd1200200 irq 120
ata4: SATA max UDMA/133 abar m2048@0xd1200000 port 0xd1200280 irq 120
ata5: SATA max UDMA/133 abar m2048@0xd1200000 port 0xd1200300 irq 120
ata6: SATA max UDMA/133 abar m2048@0xd1200000 port 0xd1200380 irq 120
ata1: SATA link down (SStatus 0 SControl 300)
ata6: SATA link down (SStatus 0 SControl 300)
ata4: SATA link down (SStatus 0 SControl 300)
ata5: SATA link down (SStatus 0 SControl 300)
ata2: SATA link down (SStatus 0 SControl 300)
ata3: SATA link down (SStatus 0 SControl 300)
microcode: CPU0 sig=0x206d6, pf=0x1, revision=0x613
platform microcode: firmware: requesting intel-ucode/06-2d-06
microcode: CPU1 sig=0x206d6, pf=0x1, revision=0x613
platform microcode: firmware: requesting intel-ucode/06-2d-06
microcode: CPU2 sig=0x206d6, pf=0x1, revision=0x613
platform microcode: firmware: requesting intel-ucode/06-2d-06
microcode: CPU3 sig=0x206d6, pf=0x1, revision=0x613
platform microcode: firmware: requesting intel-ucode/06-2d-06
microcode: CPU4 sig=0x206d6, pf=0x1, revision=0x613
platform microcode: firmware: requesting intel-ucode/06-2d-06
microcode: CPU5 sig=0x206d6, pf=0x1, revision=0x613
platform microcode: firmware: requesting intel-ucode/06-2d-06
microcode: CPU6 sig=0x206d6, pf=0x1, revision=0x613
platform microcode: firmware: requesting intel-ucode/06-2d-06
microcode: CPU7 sig=0x206d6, pf=0x1, revision=0x613
platform microcode: firmware: requesting intel-ucode/06-2d-06
microcode: CPU8 sig=0x206d6, pf=0x1, revision=0x613
platform microcode: firmware: requesting intel-ucode/06-2d-06
microcode: CPU9 sig=0x206d6, pf=0x1, revision=0x613
platform microcode: firmware: requesting intel-ucode/06-2d-06
microcode: CPU10 sig=0x206d6, pf=0x1, revision=0x613
platform microcode: firmware: requesting intel-ucode/06-2d-06
microcode: CPU11 sig=0x206d6, pf=0x1, revision=0x613
platform microcode: firmware: requesting intel-ucode/06-2d-06
microcode: CPU12 sig=0x206d6, pf=0x1, revision=0x613
platform microcode: firmware: requesting intel-ucode/06-2d-06
microcode: CPU13 sig=0x206d6, pf=0x1, revision=0x613
platform microcode: firmware: requesting intel-ucode/06-2d-06
microcode: CPU14 sig=0x206d6, pf=0x1, revision=0x613
platform microcode: firmware: requesting intel-ucode/06-2d-06
microcode: CPU15 sig=0x206d6, pf=0x1, revision=0x613
platform microcode: firmware: requesting intel-ucode/06-2d-06
microcode: CPU16 sig=0x206d6, pf=0x1, revision=0x613
platform microcode: firmware: requesting intel-ucode/06-2d-06
microcode: CPU17 sig=0x206d6, pf=0x1, revision=0x613
platform microcode: firmware: requesting intel-ucode/06-2d-06
microcode: CPU18 sig=0x206d6, pf=0x1, revision=0x613
platform microcode: firmware: requesting intel-ucode/06-2d-06
microcode: CPU19 sig=0x206d6, pf=0x1, revision=0x613
platform microcode: firmware: requesting intel-ucode/06-2d-06
microcode: CPU20 sig=0x206d6, pf=0x1, revision=0x613
platform microcode: firmware: requesting intel-ucode/06-2d-06
microcode: CPU21 sig=0x206d6, pf=0x1, revision=0x613
platform microcode: firmware: requesting intel-ucode/06-2d-06
microcode: CPU22 sig=0x206d6, pf=0x1, revision=0x613
platform microcode: firmware: requesting intel-ucode/06-2d-06
microcode: CPU23 sig=0x206d6, pf=0x1, revision=0x613
platform microcode: firmware: requesting intel-ucode/06-2d-06
microcode: CPU24 sig=0x206d6, pf=0x1, revision=0x613
platform microcode: firmware: requesting intel-ucode/06-2d-06
microcode: CPU25 sig=0x206d6, pf=0x1, revision=0x613
platform microcode: firmware: requesting intel-ucode/06-2d-06
microcode: CPU26 sig=0x206d6, pf=0x1, revision=0x613
platform microcode: firmware: requesting intel-ucode/06-2d-06
microcode: CPU27 sig=0x206d6, pf=0x1, revision=0x613
platform microcode: firmware: requesting intel-ucode/06-2d-06
microcode: CPU28 sig=0x206d6, pf=0x1, revision=0x613
platform microcode: firmware: requesting intel-ucode/06-2d-06
microcode: CPU29 sig=0x206d6, pf=0x1, revision=0x613
platform microcode: firmware: requesting intel-ucode/06-2d-06
microcode: CPU30 sig=0x206d6, pf=0x1, revision=0x613
platform microcode: firmware: requesting intel-ucode/06-2d-06
microcode: CPU31 sig=0x206d6, pf=0x1, revision=0x613
platform microcode: firmware: requesting intel-ucode/06-2d-06
Microcode Update Driver: v2.00 <tigran@aivazian.fsnet.co.uk>, Peter Oruba
kvm: disabled by bios
tun: Universal TUN/TAP device driver, 1.6
tun: (C) 1999-2004 Max Krasnyansky <maxk@qualcomm.com>
device-mapper: uevent: version 1.0.3
device-mapper: ioctl: 4.22.6-ioctl (2011-10-19) initialised: dm-devel@redhat.com
CPU 16 is now offline
CPU 17 is now offline
CPU 26 is now offline
CPU 27 is now offline
CPU 28 is now offline
CPU 29 is now offline
CPU 30 is now offline
CPU 31 is now offline
CPU 18 is now offline
CPU 19 is now offline
CPU 20 is now offline
CPU 21 is now offline
CPU 22 is now offline
CPU 23 is now offline
CPU 24 is now offline
CPU 25 is now offline
ib0: enabling connected mode will cause multicast packet drops
ib0: mtu > 4092 will cause multicast packet drops.
ADDRCONF(NETDEV_UP): ib0: link is not ready
ib_qib 0000:02:00.0: IB0:1 got a lid: 0x68
ADDRCONF(NETDEV_CHANGE): ib0: link becomes ready
Lustre: Register global MR array, MR size: 0xffffffffffffffff, array size: 1
Lustre: Added LNI 192.168.112.81@o2ib12 [8/64/0/180]
ib0: no IPv6 routers present
type=1305 audit(1338996593.466:59613): audit_enabled=0 old=1 auid=4294967295 ses=4294967295 res=1
readahead-collector: sorting
readahead-collector: finished
Lustre: OBD class driver, http://wiki.whamcloud.com/
Lustre:         Lustre Version: 2.1.1
Lustre:         Build Version: 2.1.1-13chaos-13chaos--PRISTINE-2.6.32-220.17.1.3chaos.ch5.x86_64
Lustre: Lustre LU module (ffffffffa05e3fa0).
Lustre: Mounted lsa-client
/: Dropped 290.460M of page cache
GHES: ghes_read_estatus: 0, 0xbdd8e020  0
gen3d invoked oom-killer: gfp_mask=0xd0, order=0, oom_adj=0, oom_score_adj=0
gen3d cpuset=/ mems_allowed=0-1
Pid: 24304, comm: gen3d Not tainted 2.6.32-220.17.1.3chaos.ch5.x86_64 #1
Call Trace:
 [<ffffffff810c2ee1>] ? cpuset_print_task_mems_allowed+0x91/0xb0
 [<ffffffff81113c40>] ? dump_header+0x90/0x1b0
 [<ffffffff8120f10c>] ? security_real_capable_noaudit+0x3c/0x70
 [<ffffffff811140ca>] ? oom_kill_process+0x8a/0x2c0
 [<ffffffff81114001>] ? select_bad_process+0xe1/0x120
 [<ffffffff81114862>] ? mem_cgroup_out_of_memory+0x92/0xb0
 [<ffffffff811699a0>] ? mem_cgroup_handle_oom+0x1c0/0x1d0
 [<ffffffff811683e0>] ? memcg_oom_wake_function+0x0/0xa0
 [<ffffffff8116b9ba>] ? __mem_cgroup_try_charge+0x4da/0x600
 [<ffffffff811280e0>] ? __lru_cache_add+0x40/0x90
 [<ffffffff8116c377>] ? mem_cgroup_charge_common+0x87/0xd0
 [<ffffffff8116c548>] ? mem_cgroup_newpage_charge+0x48/0x50
 [<ffffffff8113c1ba>] ? handle_pte_fault+0x79a/0xb50
 [<ffffffff81047277>] ? pte_alloc_one+0x37/0x50
 [<ffffffff81172ed9>] ? do_huge_pmd_anonymous_page+0xb9/0x370
 [<ffffffff8100bcae>] ? invalidate_interrupt3+0xe/0x20
 [<ffffffff8113c754>] ? handle_mm_fault+0x1e4/0x2b0
 [<ffffffff81042c29>] ? __do_page_fault+0x139/0x480
 [<ffffffff810097cc>] ? __switch_to+0x1ac/0x320
 [<ffffffff814eef10>] ? thread_return+0x4e/0x76e
 [<ffffffff814f494e>] ? do_page_fault+0x3e/0xa0
 [<ffffffff814f1d05>] ? page_fault+0x25/0x30
Task in /slurm/uid_6249/job_10890/step_0 killed as a result of limit of /slurm/uid_6249/job_10890/step_0
memory: usage 31061504kB, limit 31061504kB, failcnt 2620
memory+swap: usage 31061504kB, limit 31061504kB, failcnt 0
Mem-Info:
Node 0 DMA per-cpu:
CPU    0: hi:    0, btch:   1 usd:   0
CPU    1: hi:    0, btch:   1 usd:   0
CPU    2: hi:    0, btch:   1 usd:   0
CPU    3: hi:    0, btch:   1 usd:   0
CPU    4: hi:    0, btch:   1 usd:   0
CPU    5: hi:    0, btch:   1 usd:   0
CPU    6: hi:    0, btch:   1 usd:   0
CPU    7: hi:    0, btch:   1 usd:   0
CPU    8: hi:    0, btch:   1 usd:   0
CPU    9: hi:    0, btch:   1 usd:   0
CPU   10: hi:    0, btch:   1 usd:   0
CPU   11: hi:    0, btch:   1 usd:   0
CPU   12: hi:    0, btch:   1 usd:   0
CPU   13: hi:    0, btch:   1 usd:   0
CPU   14: hi:    0, btch:   1 usd:   0
CPU   15: hi:    0, btch:   1 usd:   0
Node 0 DMA32 per-cpu:
CPU    0: hi:  186, btch:  31 usd:  42
CPU    1: hi:  186, btch:  31 usd:  47
CPU    2: hi:  186, btch:  31 usd: 187
CPU    3: hi:  186, btch:  31 usd: 175
CPU    4: hi:  186, btch:  31 usd: 154
CPU    5: hi:  186, btch:  31 usd: 165
CPU    6: hi:  186, btch:  31 usd: 177
CPU    7: hi:  186, btch:  31 usd:  37
CPU    8: hi:  186, btch:  31 usd:  44
CPU    9: hi:  186, btch:  31 usd:  51
CPU   10: hi:  186, btch:  31 usd:  55
CPU   11: hi:  186, btch:  31 usd:  41
CPU   12: hi:  186, btch:  31 usd:  19
CPU   13: hi:  186, btch:  31 usd:  34
CPU   14: hi:  186, btch:  31 usd:  37
CPU   15: hi:  186, btch:  31 usd:  51
Node 0 Normal per-cpu:
CPU    0: hi:  186, btch:  31 usd:   7
CPU    1: hi:  186, btch:  31 usd:  32
CPU    2: hi:  186, btch:  31 usd:  45
CPU    3: hi:  186, btch:  31 usd:  47
CPU    4: hi:  186, btch:  31 usd:  12
CPU    5: hi:  186, btch:  31 usd:  42
CPU    6: hi:  186, btch:  31 usd:  38
CPU    7: hi:  186, btch:  31 usd: 107
CPU    8: hi:  186, btch:  31 usd: 184
CPU    9: hi:  186, btch:  31 usd: 155
CPU   10: hi:  186, btch:  31 usd: 117
CPU   11: hi:  186, btch:  31 usd: 165
CPU   12: hi:  186, btch:  31 usd: 175
CPU   13: hi:  186, btch:  31 usd: 161
CPU   14: hi:  186, btch:  31 usd: 163
CPU   15: hi:  186, btch:  31 usd: 159
Node 1 Normal per-cpu:
CPU    0: hi:  186, btch:  31 usd: 157
CPU    1: hi:  186, btch:  31 usd:  78
CPU    2: hi:  186, btch:  31 usd: 159
CPU    3: hi:  186, btch:  31 usd: 173
CPU    4: hi:  186, btch:  31 usd: 169
CPU    5: hi:  186, btch:  31 usd: 158
CPU    6: hi:  186, btch:  31 usd: 159
CPU    7: hi:  186, btch:  31 usd: 137
CPU    8: hi:  186, btch:  31 usd:  68
CPU    9: hi:  186, btch:  31 usd:  88
CPU   10: hi:  186, btch:  31 usd: 115
CPU   11: hi:  186, btch:  31 usd: 119
CPU   12: hi:  186, btch:  31 usd:  86
CPU   13: hi:  186, btch:  31 usd: 164
CPU   14: hi:  186, btch:  31 usd:  79
CPU   15: hi:  186, btch:  31 usd: 102
active_anon:7730118 inactive_anon:47887 isolated_anon:0
 active_file:2211 inactive_file:14325 isolated_file:0
 unevictable:0 dirty:0 writeback:0 unstable:0
 free:135092 slab_reclaimable:2741 slab_unreclaimable:44998
 mapped:32955 shmem:49583 pagetables:25252 bounce:0
Node 0 DMA free:15740kB min:40kB low:48kB high:60kB active_anon:0kB inactive_anon:0kB active_file:0kB inactive_file:0kB unevictable:0kB isolated(anon):0kB isolated(file):0kB present:15348kB mlocked:0kB dirty:0kB writeback:0kB mapped:0kB shmem:0kB slab_reclaimable:0kB slab_unreclaimable:0kB kernel_stack:0kB pagetables:0kB unstable:0kB bounce:0kB writeback_tmp:0kB pages_scanned:0 all_unreclaimable? no
lowmem_reserve[]: 0 2959 16089 16089
Node 0 DMA32 free:158804kB min:8264kB low:10328kB high:12396kB active_anon:2340108kB inactive_anon:0kB active_file:0kB inactive_file:0kB unevictable:0kB isolated(anon):0kB isolated(file):0kB present:3030404kB mlocked:0kB dirty:0kB writeback:0kB mapped:0kB shmem:0kB slab_reclaimable:384kB slab_unreclaimable:36kB kernel_stack:0kB pagetables:1856kB unstable:0kB bounce:0kB writeback_tmp:0kB pages_scanned:0 all_unreclaimable? no
lowmem_reserve[]: 0 0 13130 13130
Node 0 Normal free:309408kB min:36668kB low:45832kB high:55000kB active_anon:12688144kB inactive_anon:142296kB active_file:5776kB inactive_file:12144kB unevictable:0kB isolated(anon):0kB isolated(file):0kB present:13445120kB mlocked:0kB dirty:0kB writeback:0kB mapped:80228kB shmem:148396kB slab_reclaimable:6028kB slab_unreclaimable:124016kB kernel_stack:2992kB pagetables:49716kB unstable:0kB bounce:0kB writeback_tmp:0kB pages_scanned:0 all_unreclaimable? no
lowmem_reserve[]: 0 0 0 0
Node 1 Normal free:56416kB min:45132kB low:56412kB high:67696kB active_anon:15892220kB inactive_anon:49252kB active_file:3068kB inactive_file:45156kB unevictable:0kB isolated(anon):0kB isolated(file):0kB present:16547840kB mlocked:0kB dirty:0kB writeback:0kB mapped:51592kB shmem:49936kB slab_reclaimable:4552kB slab_unreclaimable:55940kB kernel_stack:904kB pagetables:49436kB unstable:0kB bounce:0kB writeback_tmp:0kB pages_scanned:0 all_unreclaimable? no
lowmem_reserve[]: 0 0 0 0
Node 0 DMA: 1*4kB 1*8kB 1*16kB 1*32kB 1*64kB 0*128kB 1*256kB 0*512kB 1*1024kB 1*2048kB 3*4096kB = 15740kB
Node 0 DMA32: 5*4kB 1*8kB 2*16kB 5*32kB 2*64kB 2*128kB 1*256kB 2*512kB 1*1024kB 6*2048kB 35*4096kB = 158556kB
Node 0 Normal: 247*4kB 456*8kB 238*16kB 65*32kB 3064*64kB 188*128kB 106*256kB 63*512kB 19*1024kB 0*2048kB 0*4096kB = 309532kB
Node 1 Normal: 337*4kB 218*8kB 98*16kB 51*32kB 21*64kB 8*128kB 2*256kB 1*512kB 2*1024kB 0*2048kB 11*4096kB = 56788kB
66002 total pagecache pages
0 pages in swap cache
Swap cache stats: add 0, delete 0, find 0/0
Free swap  = 0kB
Total swap = 0kB
8388607 pages RAM
214445 pages reserved
104860 pages shared
7982705 pages non-shared
[ pid ]   uid  tgid total_vm      rss cpu oom_adj oom_score_adj name
[24287]     0 24287   116443      855   0       0           -17 slurmstepd
[24291]  6249 24291  1042872   767329   0       0             0 gen3d
[24292]  6249 24292  1046192   462841   1       0             0 gen3d
[24293]  6249 24293  1044331   673185   2       0             0 gen3d
[24294]  6249 24294  1045467   462106   3       0             0 gen3d
[24295]  6249 24295  1046194   450811   4       0             0 gen3d
[24296]  6249 24296  1046163   457262   5       0             0 gen3d
[24297]  6249 24297  1049063   457429   6       0             0 gen3d
[24298]  6249 24298  1043436   450597   7       0             0 gen3d
[24299]  6249 24299  1042375   458961   8       0             0 gen3d
[24300]  6249 24300  1043676   450037   9       0             0 gen3d
[24301]  6249 24301  1042573   460300  10       0             0 gen3d
[24302]  6249 24302  1043787   452369  11       0             0 gen3d
[24303]  6249 24303  1045391   455329  12       0             0 gen3d
[24304]  6249 24304  1042277   454403  13       0             0 gen3d
[24305]  6249 24305  1043403   451798  14       0             0 gen3d
[24306]  6249 24306  1042825   458122  15       0             0 gen3d
Memory cgroup out of memory: Kill process 24291 (gen3d) score 98 or sacrifice child
Killed process 24291, UID 6249, (gen3d) total-vm:4171488kB, anon-rss:3028388kB, file-rss:40928kB
GHES: ghes_read_estatus: 0, 0xbdd8e020  0
GHES: ghes_read_estatus: 0, 0xbdd8e020  0
GHES: ghes_read_estatus: 0, 0xbdd8e020  0
Lustre: lsa-OST00c1-osc-ffff880832511c00: Connection to lsa-OST00c1 (at 172.16.71.42@tcp1) was lost; in progress operations using this service will wait for recovery to complete
Lustre: lsa-OST00c5-osc-ffff880832511c00: Connection to lsa-OST00c5 (at 172.16.71.42@tcp1) was lost; in progress operations using this service will wait for recovery to complete
Lustre: lsa-OST00ed-osc-ffff880832511c00: Connection to lsa-OST00ed (at 172.16.71.42@tcp1) was lost; in progress operations using this service will wait for recovery to complete
Lustre: Skipped 9 previous similar messages
LustreError: 11-0: lsa-OST00c5-osc-ffff880832511c00: Communicating with 172.16.69.44@tcp1, operation ost_connect failed with -19.
LustreError: 11-0: lsa-OST00c9-osc-ffff880832511c00: Communicating with 172.16.69.44@tcp1, operation ost_connect failed with -19.
LustreError: 11-0: lsa-OST00ed-osc-ffff880832511c00: Communicating with 172.16.69.44@tcp1, operation ost_connect failed with -19.
LustreError: Skipped 9 previous similar messages
LustreError: 11-0: lsa-OST00dd-osc-ffff880832511c00: Communicating with 172.16.69.44@tcp1, operation ost_connect failed with -19.
Lustre: lsa-OST00d1-osc-ffff880832511c00: Connection restored to lsa-OST00d1 (at 172.16.69.44@tcp1)
Lustre: lsa-OST00d5-osc-ffff880832511c00: Connection restored to lsa-OST00d5 (at 172.16.69.44@tcp1)
Lustre: lsa-OST00ed-osc-ffff880832511c00: Connection restored to lsa-OST00ed (at 172.16.69.44@tcp1)
Lustre: lsa-OST00e9-osc-ffff880832511c00: Connection restored to lsa-OST00e9 (at 172.16.69.44@tcp1)
Lustre: lsa-OST00e5-osc-ffff880832511c00: Connection restored to lsa-OST00e5 (at 172.16.69.44@tcp1)
Lustre: lsa-OST00e1-osc-ffff880832511c00: Connection restored to lsa-OST00e1 (at 172.16.69.44@tcp1)
Lustre: lsa-OST00cd-osc-ffff880832511c00: Connection restored to lsa-OST00cd (at 172.16.69.44@tcp1)
Lustre: lsa-OST00c9-osc-ffff880832511c00: Connection restored to lsa-OST00c9 (at 172.16.69.44@tcp1)
Lustre: Skipped 2 previous similar messages
Lustre: lsa-OST00d9-osc-ffff880832511c00: Connection restored to lsa-OST00d9 (at 172.16.69.44@tcp1)
Lustre: Skipped 1 previous similar message
Lustre: lsa-OST00c1-osc-ffff880832511c00: Connection to lsa-OST00c1 (at 172.16.69.44@tcp1) was lost; in progress operations using this service will wait for recovery to complete
Lustre: lsa-OST0062-osc-ffff880832511c00: Connection to lsa-OST0062 (at 172.16.69.35@tcp1) was lost; in progress operations using this service will wait for recovery to complete
Lustre: Skipped 23 previous similar messages
LustreError: 11-0: lsa-OST0066-osc-ffff880832511c00: Communicating with 172.16.71.33@tcp1, operation ost_connect failed with -19.
LustreError: Skipped 4 previous similar messages
LustreError: 167-0: This client was evicted by lsa-OST0062; in progress operations using this service will fail.
LustreError: 167-0: This client was evicted by lsa-OST0066; in progress operations using this service will fail.
Lustre: lsa-OST0062-osc-ffff880832511c00: Connection restored to lsa-OST0062 (at 172.16.71.33@tcp1)
LustreError: 11-0: lsa-OST00c7-osc-ffff880832511c00: Communicating with 172.16.69.44@tcp1, operation ost_connect failed with -19.
LustreError: Skipped 11 previous similar messages
LustreError: 167-0: This client was evicted by lsa-OST00c9; in progress operations using this service will fail.
LustreError: Skipped 10 previous similar messages
Lustre: lsa-OST00cd-osc-ffff880832511c00: Connection restored to lsa-OST00cd (at 172.16.69.44@tcp1)
Lustre: Skipped 21 previous similar messages
LustreError: 11-0: lsa-OST00c7-osc-ffff880832511c00: Communicating with 172.16.69.44@tcp1, operation ost_connect failed with -19.
LustreError: Skipped 11 previous similar messages
LustreError: 11-0: lsa-OST00c7-osc-ffff880832511c00: Communicating with 172.16.69.44@tcp1, operation ost_connect failed with -19.
LustreError: Skipped 11 previous similar messages
LustreError: 11-0: lsa-OST00c3-osc-ffff880832511c00: Communicating with 172.16.69.44@tcp1, operation ost_connect failed with -19.
LustreError: Skipped 11 previous similar messages
LustreError: 11-0: lsa-OST00d7-osc-ffff880832511c00: Communicating with 172.16.69.44@tcp1, operation ost_connect failed with -19.
LustreError: Skipped 11 previous similar messages
LustreError: 167-0: This client was evicted by lsa-OST00c7; in progress operations using this service will fail.
LustreError: Skipped 11 previous similar messages
Lustre: lsa-OST00d3-osc-ffff880832511c00: Connection restored to lsa-OST00d3 (at 172.16.69.44@tcp1)
Lustre: Skipped 11 previous similar messages
Clock: inserting leap second 23:59:60 UTC
LustreError: 11-0: lsa-OST0062-osc-ffff880832511c00: Communicating with 172.16.71.33@tcp1, operation obd_ping failed with -107.
LustreError: Skipped 11 previous similar messages
Lustre: lsa-OST0062-osc-ffff880832511c00: Connection to lsa-OST0062 (at 172.16.71.33@tcp1) was lost; in progress operations using this service will wait for recovery to complete
Lustre: Skipped 11 previous similar messages
LustreError: 11-0: lsa-OST006a-osc-ffff880832511c00: Communicating with 172.16.71.33@tcp1, operation obd_ping failed with -107.
LustreError: Skipped 7 previous similar messages
Lustre: lsa-OST006a-osc-ffff880832511c00: Connection to lsa-OST006a (at 172.16.71.33@tcp1) was lost; in progress operations using this service will wait for recovery to complete
Lustre: Skipped 3 previous similar messages
LustreError: 11-0: lsa-OST00c9-osc-ffff880832511c00: Communicating with 172.16.69.44@tcp1, operation obd_ping failed with -107.
LustreError: Skipped 3 previous similar messages
Lustre: lsa-OST00c9-osc-ffff880832511c00: Connection to lsa-OST00c9 (at 172.16.69.44@tcp1) was lost; in progress operations using this service will wait for recovery to complete
Lustre: Skipped 1 previous similar message
LustreError: 11-0: lsa-OST00c1-osc-ffff880832511c00: Communicating with 172.16.69.44@tcp1, operation ost_connect failed with -19.
Lustre: lsa-OST00dd-osc-ffff880832511c00: Connection to lsa-OST00dd (at 172.16.69.44@tcp1) was lost; in progress operations using this service will wait for recovery to complete
Lustre: Skipped 4 previous similar messages
LustreError: Skipped 13 previous similar messages
LustreError: 11-0: lsa-OST00ed-osc-ffff880832511c00: Communicating with 172.16.69.44@tcp1, operation obd_ping failed with -107.
LustreError: Skipped 7 previous similar messages
Lustre: lsa-OST00ed-osc-ffff880832511c00: Connection to lsa-OST00ed (at 172.16.69.44@tcp1) was lost; in progress operations using this service will wait for recovery to complete
Lustre: Skipped 3 previous similar messages
LustreError: 11-0: lsa-OST006a-osc-ffff880832511c00: Communicating with 172.16.71.33@tcp1, operation ost_connect failed with -19.
LustreError: Skipped 1 previous similar message
LustreError: 167-0: This client was evicted by lsa-OST00dd; in progress operations using this service will fail.
LustreError: Skipped 11 previous similar messages
Lustre: lsa-OST00dd-osc-ffff880832511c00: Connection restored to lsa-OST00dd (at 172.16.71.42@tcp1)
Lustre: Skipped 1 previous similar message
LustreError: 167-0: This client was evicted by lsa-OST00ed; in progress operations using this service will fail.
LustreError: Skipped 1 previous similar message
Lustre: lsa-OST00ed-osc-ffff880832511c00: Connection restored to lsa-OST00ed (at 172.16.71.42@tcp1)
LustreError: 11-0: lsa-OST0062-osc-ffff880832511c00: Communicating with 172.16.71.33@tcp1, operation ost_connect failed with -19.
LustreError: Skipped 10 previous similar messages
LustreError: 167-0: This client was evicted by lsa-OST00c9; in progress operations using this service will fail.
Lustre: lsa-OST00c9-osc-ffff880832511c00: Connection restored to lsa-OST00c9 (at 172.16.71.42@tcp1)
Lustre: Skipped 6 previous similar messages
LustreError: 167-0: This client was evicted by lsa-OST00c5; in progress operations using this service will fail.
LustreError: Skipped 6 previous similar messages
Lustre: lsa-OST00c5-osc-ffff880832511c00: Connection restored to lsa-OST00c5 (at 172.16.71.42@tcp1)
Lustre: Skipped 1 previous similar message
LustreError: 11-0: lsa-OST0066-osc-ffff880832511c00: Communicating with 172.16.71.33@tcp1, operation ost_connect failed with -19.
LustreError: Skipped 5 previous similar messages
LustreError: 11-0: lsa-OST006a-osc-ffff880832511c00: Communicating with 172.16.71.33@tcp1, operation ost_connect failed with -19.
LustreError: Skipped 5 previous similar messages
LustreError: 11-0: lsa-OST006a-osc-ffff880832511c00: Communicating with 172.16.71.33@tcp1, operation ost_connect failed with -19.
LustreError: Skipped 11 previous similar messages
LustreError: 11-0: lsa-OST0062-osc-ffff880832511c00: Communicating with 172.16.71.33@tcp1, operation ost_connect failed with -19.
LustreError: Skipped 21 previous similar messages
Lustre: lsa-OST0060-osc-ffff880832511c00: Connection to lsa-OST0060 (at 172.16.71.33@tcp1) was lost; in progress operations using this service will wait for recovery to complete
Lustre: lsa-OST0035-osc-ffff880832511c00: Connection to lsa-OST0035 (at 172.16.69.22@tcp1) was lost; in progress operations using this service will wait for recovery to complete
Lustre: Skipped 19 previous similar messages
LustreError: 11-0: lsa-OST0064-osc-ffff880832511c00: Communicating with 172.16.71.33@tcp1, operation ost_connect failed with -19.
LustreError: Skipped 15 previous similar messages
Lustre: lsa-OST0072-osc-ffff880832511c00: Connection restored to lsa-OST0072 (at 172.16.71.33@tcp1)
Lustre: lsa-OST007e-osc-ffff880832511c00: Connection restored to lsa-OST007e (at 172.16.71.33@tcp1)
Lustre: Skipped 1 previous similar message
Lustre: lsa-OST0082-osc-ffff880832511c00: Connection restored to lsa-OST0082 (at 172.16.71.33@tcp1)
Lustre: Skipped 2 previous similar messages
Lustre: lsa-OST0035-osc-ffff880832511c00: Connection restored to lsa-OST0035 (at 172.16.69.30@tcp1)
Lustre: Skipped 6 previous similar messages
Lustre: lsa-OST0035-osc-ffff880832511c00: Connection to lsa-OST0035 (at 172.16.69.30@tcp1) was lost; in progress operations using this service will wait for recovery to complete
Lustre: Skipped 2 previous similar messages
LustreError: 11-0: lsa-OST0064-osc-ffff880832511c00: Communicating with 172.16.69.35@tcp1, operation ost_connect failed with -19.
LustreError: Skipped 71 previous similar messages
Lustre: lsa-OST0062-osc-ffff880832511c00: Connection restored to lsa-OST0062 (at 172.16.69.35@tcp1)
Lustre: Skipped 2 previous similar messages
Lustre: lsa-OST006e-osc-ffff880832511c00: Connection restored to lsa-OST006e (at 172.16.69.35@tcp1)
Lustre: Skipped 6 previous similar messages
Lustre: lsa-OST008a-osc-ffff880832511c00: Connection restored to lsa-OST008a (at 172.16.69.35@tcp1)
Lustre: Skipped 2 previous similar messages
Lustre: lsa-OST0035-osc-ffff880832511c00: Connection restored to lsa-OST0035 (at 172.16.69.22@tcp1)
Lustre: Skipped 1 previous similar message
Lustre: lsa-OST003d-osc-ffff880832511c00: Connection restored to lsa-OST003d (at 172.16.69.30@tcp1)
Lustre: Skipped 2 previous similar messages
LustreError: 11-0: lsa-OST0064-osc-ffff880832511c00: Communicating with 172.16.69.35@tcp1, operation ost_connect failed with -19.
LustreError: Skipped 79 previous similar messages
Lustre: lsa-OST0062-osc-ffff880832511c00: Connection to lsa-OST0062 (at 172.16.69.35@tcp1) was lost; in progress operations using this service will wait for recovery to complete
Lustre: Skipped 17 previous similar messages
Lustre: lsa-OST0066-osc-ffff880832511c00: Connection to lsa-OST0066 (at 172.16.69.35@tcp1) was lost; in progress operations using this service will wait for recovery to complete
LustreError: 11-0: lsa-OST0068-osc-ffff880832511c00: Communicating with 172.16.69.35@tcp1, operation ost_connect failed with -19.
LustreError: Skipped 56 previous similar messages
Lustre: lsa-OST008e-osc-ffff880832511c00: Connection restored to lsa-OST008e (at 172.16.69.35@tcp1)
Lustre: Skipped 2 previous similar messages
Lustre: lsa-OST0066-osc-ffff880832511c00: Connection restored to lsa-OST0066 (at 172.16.69.35@tcp1)
LustreError: 11-0: lsa-OST0060-osc-ffff880832511c00: Communicating with 172.16.69.35@tcp1, operation ost_connect failed with -19.
LustreError: Skipped 83 previous similar messages
Lustre: lsa-OST0062-osc-ffff880832511c00: Connection to lsa-OST0062 (at 172.16.69.35@tcp1) was lost; in progress operations using this service will wait for recovery to complete
Lustre: Skipped 10 previous similar messages
LustreError: 11-0: lsa-OST0060-osc-ffff880832511c00: Communicating with 172.16.71.33@tcp1, operation ost_connect failed with -19.
LustreError: Skipped 35 previous similar messages
Lustre: lsa-OST0062-osc-ffff880832511c00: Connection restored to lsa-OST0062 (at 172.16.71.33@tcp1)
Lustre: Skipped 10 previous similar messages
Lustre: lsa-OST008a-osc-ffff880832511c00: Connection restored to lsa-OST008a (at 172.16.71.33@tcp1)
Lustre: Skipped 5 previous similar messages
Lustre: lsa-OST0076-osc-ffff880832511c00: Connection restored to lsa-OST0076 (at 172.16.71.33@tcp1)
Lustre: Skipped 4 previous similar messages
LustreError: 11-0: lsa-OST0068-osc-ffff880832511c00: Communicating with 172.16.71.33@tcp1, operation ost_connect failed with -19.
LustreError: Skipped 83 previous similar messages
Lustre: lsa-OST0062-osc-ffff880832511c00: Connection to lsa-OST0062 (at 172.16.71.33@tcp1) was lost; in progress operations using this service will wait for recovery to complete
Lustre: Skipped 11 previous similar messages
Lustre: lsa-OST0066-osc-ffff880832511c00: Connection to lsa-OST0066 (at 172.16.71.33@tcp1) was lost; in progress operations using this service will wait for recovery to complete
Lustre: lsa-OST0060-osc-ffff880832511c00: Connection restored to lsa-OST0060 (at 172.16.71.33@tcp1)
Lustre: lsa-OST0064-osc-ffff880832511c00: Connection restored to lsa-OST0064 (at 172.16.71.33@tcp1)
Lustre: Skipped 1 previous similar message
Lustre: lsa-OST0070-osc-ffff880832511c00: Connection restored to lsa-OST0070 (at 172.16.71.33@tcp1)
Lustre: lsa-OST006e-osc-ffff880832511c00: Connection to lsa-OST006e (at 172.16.71.33@tcp1) was lost; in progress operations using this service will wait for recovery to complete
Lustre: Skipped 1 previous similar message
Lustre: lsa-OST0078-osc-ffff880832511c00: Connection restored to lsa-OST0078 (at 172.16.71.33@tcp1)
Lustre: Skipped 2 previous similar messages
Lustre: lsa-OST008c-osc-ffff880832511c00: Connection restored to lsa-OST008c (at 172.16.71.33@tcp1)
Lustre: Skipped 3 previous similar messages
Lustre: lsa-OST007a-osc-ffff880832511c00: Connection to lsa-OST007a (at 172.16.71.33@tcp1) was lost; in progress operations using this service will wait for recovery to complete
Lustre: Skipped 2 previous similar messages
Lustre: lsa-OST0082-osc-ffff880832511c00: Connection to lsa-OST0082 (at 172.16.71.33@tcp1) was lost; in progress operations using this service will wait for recovery to complete
Lustre: Skipped 1 previous similar message
Lustre: lsa-OST008a-osc-ffff880832511c00: Connection to lsa-OST008a (at 172.16.71.33@tcp1) was lost; in progress operations using this service will wait for recovery to complete
Lustre: Skipped 1 previous similar message
Lustre: lsa-OST0062-osc-ffff880832511c00: Connection restored to lsa-OST0062 (at 172.16.69.35@tcp1)
Lustre: Skipped 1 previous similar message
Lustre: lsa-OST0039-osc-ffff880832511c00: Connection to lsa-OST0039 (at 172.16.69.26@tcp1) was lost; in progress operations using this service will wait for recovery to complete
Lustre: Skipped 1 previous similar message
LustreError: 11-0: lsa-OST003a-osc-ffff880832511c00: Communicating with 172.16.69.19@tcp1, operation ost_connect failed with -19.
LustreError: Skipped 82 previous similar messages
Lustre: lsa-OST003b-osc-ffff880832511c00: Connection restored to lsa-OST003b (at 172.16.69.20@tcp1)
Lustre: Skipped 11 previous similar messages
Lustre: lsa-OST005b-osc-ffff880832511c00: Connection restored to lsa-OST005b (at 172.16.69.20@tcp1)
Lustre: Skipped 3 previous similar messages
Lustre: lsa-OST003a-osc-ffff880832511c00: Connection restored to lsa-OST003a (at 172.16.69.19@tcp1)
Lustre: lsa-OST004a-osc-ffff880832511c00: Connection restored to lsa-OST004a (at 172.16.69.19@tcp1)
Lustre: Skipped 1 previous similar message
Lustre: lsa-OST0032-osc-ffff880832511c00: Connection to lsa-OST0032 (at 172.16.69.19@tcp1) was lost; in progress operations using this service will wait for recovery to complete
Lustre: Skipped 8 previous similar messages
Lustre: lsa-OST0031-osc-ffff880832511c00: Connection to lsa-OST0031 (at 172.16.69.18@tcp1) was lost; in progress operations using this service will wait for recovery to complete
Lustre: Skipped 5 previous similar messages
Lustre: lsa-OST0033-osc-ffff880832511c00: Connection to lsa-OST0033 (at 172.16.69.20@tcp1) was lost; in progress operations using this service will wait for recovery to complete
Lustre: Skipped 5 previous similar messages
LustreError: 11-0: lsa-OST0032-osc-ffff880832511c00: Communicating with 172.16.69.27@tcp1, operation ost_connect failed with -19.
LustreError: Skipped 2 previous similar messages
LustreError: 11-0: lsa-OST0031-osc-ffff880832511c00: Communicating with 172.16.69.26@tcp1, operation ost_connect failed with -19.
LustreError: Skipped 2 previous similar messages
LustreError: 11-0: lsa-OST0033-osc-ffff880832511c00: Communicating with 172.16.69.28@tcp1, operation ost_connect failed with -19.
LustreError: Skipped 2 previous similar messages
Lustre: lsa-OST0039-osc-ffff880832511c00: Connection restored to lsa-OST0039 (at 172.16.69.26@tcp1)
Lustre: Skipped 1 previous similar message
Lustre: lsa-OST0049-osc-ffff880832511c00: Connection restored to lsa-OST0049 (at 172.16.69.26@tcp1)
LustreError: 11-0: lsa-OST0042-osc-ffff880832511c00: Communicating with 172.16.69.27@tcp1, operation ost_connect failed with -19.
LustreError: Skipped 3 previous similar messages
Lustre: lsa-OST005a-osc-ffff880832511c00: Connection restored to lsa-OST005a (at 172.16.69.27@tcp1)
Lustre: Skipped 1 previous similar message
Lustre: lsa-OST003b-osc-ffff880832511c00: Connection restored to lsa-OST003b (at 172.16.69.28@tcp1)
Lustre: Skipped 5 previous similar messages
Lustre: lsa-OST0033-osc-ffff880832511c00: Connection restored to lsa-OST0033 (at 172.16.69.20@tcp1)
Lustre: Skipped 5 previous similar messages
Lustre: lsa-OST003b-osc-ffff880832511c00: Connection to lsa-OST003b (at 172.16.69.28@tcp1) was lost; in progress operations using this service will wait for recovery to complete
Lustre: Skipped 5 previous similar messages
LustreError: 11-0: lsa-OST0033-osc-ffff880832511c00: Communicating with 172.16.69.20@tcp1, operation obd_ping failed with -107.
LustreError: Skipped 3 previous similar messages
Lustre: lsa-OST0033-osc-ffff880832511c00: Connection to lsa-OST0033 (at 172.16.69.20@tcp1) was lost; in progress operations using this service will wait for recovery to complete
Lustre: Skipped 2 previous similar messages
Lustre: lsa-OST005b-osc-ffff880832511c00: Connection restored to lsa-OST005b (at 172.16.69.28@tcp1)
Lustre: Skipped 2 previous similar messages
Lustre: lsa-OST0043-osc-ffff880832511c00: Connection restored to lsa-OST0043 (at 172.16.69.20@tcp1)
Lustre: Skipped 4 previous similar messages
Lustre: lsa-OST0000-osc-ffff880832511c00: Connection to lsa-OST0000 (at 172.16.69.1@tcp1) was lost; in progress operations using this service will wait for recovery to complete
Lustre: Skipped 2 previous similar messages
LustreError: 166-1: MGC172.16.69.140@tcp1: Connection to MGS (at 172.16.69.140@tcp1) was lost; in progress operations using this service will fail
Lustre: lsa-MDT0000-mdc-ffff880832511c00: Connection to lsa-MDT0000 (at 172.16.69.140@tcp1) was lost; in progress operations using this service will wait for recovery to complete
Lustre: Skipped 59 previous similar messages
LustreError: 99836:0:(ldlm_request.c:1179:ldlm_cli_cancel_req()) Got rc -11 from cancel RPC: canceling anyway
LustreError: 99836:0:(ldlm_request.c:1807:ldlm_cli_cancel_list()) ldlm_cli_cancel_list: -11
LustreError: 99835:0:(ldlm_request.c:1179:ldlm_cli_cancel_req()) Got rc -11 from cancel RPC: canceling anyway
LustreError: 99835:0:(ldlm_request.c:1807:ldlm_cli_cancel_list()) ldlm_cli_cancel_list: -11
LustreError: 99839:0:(ldlm_request.c:1179:ldlm_cli_cancel_req()) Got rc -11 from cancel RPC: canceling anyway
LustreError: 99839:0:(ldlm_request.c:1807:ldlm_cli_cancel_list()) ldlm_cli_cancel_list: -11
LustreError: 26714:0:(ldlm_request.c:1179:ldlm_cli_cancel_req()) Got rc -11 from cancel RPC: canceling anyway
LustreError: 26714:0:(ldlm_request.c:1807:ldlm_cli_cancel_list()) ldlm_cli_cancel_list: -11
LustreError: 8640:0:(ldlm_request.c:1179:ldlm_cli_cancel_req()) Got rc -11 from cancel RPC: canceling anyway
LustreError: 8640:0:(ldlm_request.c:1807:ldlm_cli_cancel_list()) ldlm_cli_cancel_list: -11
LustreError: 8644:0:(ldlm_request.c:1179:ldlm_cli_cancel_req()) Got rc -11 from cancel RPC: canceling anyway
LustreError: 8644:0:(ldlm_request.c:1807:ldlm_cli_cancel_list()) ldlm_cli_cancel_list: -11
LustreError: 20898:0:(ldlm_request.c:1179:ldlm_cli_cancel_req()) Got rc -11 from cancel RPC: canceling anyway
LustreError: 20898:0:(ldlm_request.c:1807:ldlm_cli_cancel_list()) ldlm_cli_cancel_list: -11
LustreError: 99846:0:(ldlm_request.c:1179:ldlm_cli_cancel_req()) Got rc -11 from cancel RPC: canceling anyway
LustreError: 99846:0:(ldlm_request.c:1807:ldlm_cli_cancel_list()) ldlm_cli_cancel_list: -11
LustreError: 29727:0:(ldlm_request.c:1179:ldlm_cli_cancel_req()) Got rc -11 from cancel RPC: canceling anyway
LustreError: 29727:0:(ldlm_request.c:1807:ldlm_cli_cancel_list()) ldlm_cli_cancel_list: -11
LustreError: 99840:0:(ldlm_request.c:1179:ldlm_cli_cancel_req()) Got rc -11 from cancel RPC: canceling anyway
LustreError: 99840:0:(ldlm_request.c:1807:ldlm_cli_cancel_list()) ldlm_cli_cancel_list: -11
LustreError: 99851:0:(ldlm_request.c:1179:ldlm_cli_cancel_req()) Got rc -11 from cancel RPC: canceling anyway
LustreError: 99851:0:(ldlm_request.c:1807:ldlm_cli_cancel_list()) ldlm_cli_cancel_list: -11
LustreError: 99834:0:(ldlm_request.c:1179:ldlm_cli_cancel_req()) Got rc -11 from cancel RPC: canceling anyway
LustreError: 99834:0:(ldlm_request.c:1807:ldlm_cli_cancel_list()) ldlm_cli_cancel_list: -11
LustreError: 8647:0:(ldlm_request.c:1179:ldlm_cli_cancel_req()) Got rc -11 from cancel RPC: canceling anyway
LustreError: 8647:0:(ldlm_request.c:1807:ldlm_cli_cancel_list()) ldlm_cli_cancel_list: -11
LustreError: 8653:0:(ldlm_request.c:1179:ldlm_cli_cancel_req()) Got rc -11 from cancel RPC: canceling anyway
LustreError: 8653:0:(ldlm_request.c:1807:ldlm_cli_cancel_list()) ldlm_cli_cancel_list: -11
LustreError: 14226:0:(ldlm_request.c:1179:ldlm_cli_cancel_req()) Got rc -11 from cancel RPC: canceling anyway
LustreError: 14226:0:(ldlm_request.c:1807:ldlm_cli_cancel_list()) ldlm_cli_cancel_list: -11
LustreError: 8645:0:(ldlm_request.c:1179:ldlm_cli_cancel_req()) Got rc -11 from cancel RPC: canceling anyway
LustreError: 8645:0:(ldlm_request.c:1807:ldlm_cli_cancel_list()) ldlm_cli_cancel_list: -11
LustreError: 8657:0:(ldlm_request.c:1179:ldlm_cli_cancel_req()) Got rc -11 from cancel RPC: canceling anyway
LustreError: 8657:0:(ldlm_request.c:1807:ldlm_cli_cancel_list()) ldlm_cli_cancel_list: -11
